[    0.000000] Initializing cgroup subsys cpuset
[    0.000000] Initializing cgroup subsys cpu
[    0.000000] Initializing cgroup subsys cpuacct
[    0.000000] Linux version 4.4.0-130-generic (buildd@lgw01-amd64-039) (gcc version 5.4.0 20160609 (Ubuntu 5.4.0-6ubuntu1~16.04.9) ) #156-Ubuntu SMP Thu Jun 14 08:53:28 UTC 2018 (Ubuntu 4.4.0-130.156-generic 4.4.134)
[    0.000000] Command line: BOOT_IMAGE=/boot/vmlinuz-4.4.0-130-generic root=LABEL=cloudimg-rootfs ro console=tty1 console=ttyS0
[    0.000000] KERNEL supported cpus:
[    0.000000]   Intel GenuineIntel
[    0.000000]   AMD AuthenticAMD
[    0.000000]   Centaur CentaurHauls
[    0.000000] x86/fpu: xstate_offset[2]:  576, xstate_sizes[2]:  256
[    0.000000] x86/fpu: Supporting XSAVE feature 0x01: 'x87 floating point registers'
[    0.000000] x86/fpu: Supporting XSAVE feature 0x02: 'SSE registers'
[    0.000000] x86/fpu: Supporting XSAVE feature 0x04: 'AVX registers'
[    0.000000] x86/fpu: Enabled xstate features 0x7, context size is 832 bytes, using 'standard' format.
[    0.000000] x86/fpu: Using 'eager' FPU context switches.
[    0.000000] e820: BIOS-provided physical RAM map:
[    0.000000] BIOS-e820: [mem 0x0000000000000000-0x000000000009fbff] usable
[    0.000000] BIOS-e820: [mem 0x000000000009fc00-0x000000000009ffff] reserved
[    0.000000] BIOS-e820: [mem 0x00000000000f0000-0x00000000000fffff] reserved
[    0.000000] BIOS-e820: [mem 0x0000000000100000-0x000000003ffeffff] usable
[    0.000000] BIOS-e820: [mem 0x000000003fff0000-0x000000003fffffff] ACPI data
[    0.000000] BIOS-e820: [mem 0x00000000fec00000-0x00000000fec00fff] reserved
[    0.000000] BIOS-e820: [mem 0x00000000fee00000-0x00000000fee00fff] reserved
[    0.000000] BIOS-e820: [mem 0x00000000fffc0000-0x00000000ffffffff] reserved
[    0.000000] NX (Execute Disable) proection: active
[    0.000000] SMBIOS 2.5 present.
[    0.000000] Hypervisor detected: KVM
[    0.000000] e820: last_pfn = 0x3fff0 max_arch_pfn = 0x400000000
[    0.000000] MTRR: Disabled
[    0.000000] x86/PAT: MTRRs disabled, skipping PAT initialization too.
[    0.000000] CPU MTRRs all blank - virtualized system.
[    0.000000] x86/PAT: Configuration [0-7]: WB  WT  UC- UC  WB  WT  UC- UC  
[    0.000000] found SMP MP-table at [mem 0x0009fff0-0x0009ffff] mapped at [ffff88000009fff0]
[    0.000000] Scanning 1 areas for low memory corruption
[    0.000000] RAMDISK: [mem 0x36aa2000-0x37548fff]
[    0.000000] ACPI: Early table checksum verification disabled
[     0.000000] ACPI: RSDP 0x00000000000E0000 000024 (v02 VBOX  )
[    0.000000] ACPI: XSDT 0x000000003FFF0030 00003C (v01 VBOX   VBOXXSDT 00000001 ASL  00000061)
[    0.000000] ACPI: FACP 0x000000003FFF00F0 0000F4 (v04 VBOX   VBOXFACP 00000001 ASL  00000061)
[    0.000000] ACPI: DSDT 0x000000003FFF0470 0021FF (v02 VBOX   VBOXBIOS 00000002 INTL 20180105)
[    0.000000] ACPI: FACS 0x000000003FFF0200 000040
[    0.000000] ACPI: FACS 0x000000003FFF0200 000040
[    0.000000] ACPI: APIC 0x000000003FFF0240 00005C (v02 VBOX   VBOXAPIC 00000001 ASL  00000061)
[    0.000000] ACPI: SSDT 0x000000003FFF02A0 0001CC (v01 VBOX   VBOXCPUT 00000002 INTL 20180105)
[    0.000000] No NUMA configuration found
[    0.0000] Faking a node at [mem 0x0000000000000000-0x000000003ffeffff]
[    0.000000] NODE_DATA(0) allocated [mem 0x3ffeb000-0x3ffeffff]
[    0.000000] kvm-clock: Using msrs 4b564d01 and 4b564d00
[    0.000000] kvm-clock: cpu 0, msr 0:3ffe3001, primary cpu clock
[    0.000000] kvm-clock: using sched offset of 3136408237 cycles
[    0.000000] clocksource: kvm-clock: mask: 0xffffffffffffffff max_cycles: 0x1cd42e4dffb, max_idle_ns: 881590591483 ns
[    0.000000] Zone ranges:
[    0.000000]   DMA      [mem 0x0000000000001000-0x0000000000ffffff]
[    0.000000]   DMA32    [mem 0x0000000001000000-0x000000003ffeffff]
[    0.000000]   Normal   empty
[    0.000000]   Device   empty
[    0.000000] Movable zone start for each node
[    0.000000] Early memory node ranges
[    0.000000]   node   0: [mem 0x0000000000001000-0x000000000009efff]
[    0.000000]   node   0: [mem 0x0000000000100000-0x000000003ffeffff]
[    0.000000] Initmem setup node 0 [mem 0x0000000000001000-0x000000003ffeffff]
[    0.000000] ACPI: PM-Timer IO Port: 0x4008
[    0.000000] IOAPIC[0]: apic_id 2, version 32, address 0xfec00000, GSI 0-23
[    0.000000] ACPI: INT_SRC_OVR (bus 0 bus_irq 0 global_irq 2 dfl dfl)
[    0.000000] ACPI: INT_SRC_OVR (bus 0 bus_irq 9 global_irq 9 low level)
[    0.000000] Using ACPI (MADT) for SMP configuration information
[    0.000000] smpboot: Allowing 2 CPUs, 0 hotplug CPUs
[    0.000000] PM: Registered nosave memory: [mem 0x00000000-0x00000fff]
[    0.000000] PM: Registered nosave memory: [mem 0x0009f000-0x0009ffff]
[    0.000000] PM: Registered nosave memory: [mem 0x000a0000-0x000effff]
[    0.000000] PM: Registered nosave memory: [mem 0x000f0000-0x000fffff]
[    0.000000] e820: [mem 0x40000000-0xfebfffff] available for PCI devices
[    0.000000] Booting paravirtualized kernel on KVM
[    0.000000] clocksource: refined-jiffies: mask: 0xffffffff max_cycles: 0xffffffff, max_idle_ns: 7645519600211568 ns
[    0.000000] setup_percpu: NR_CPUS:512 nr_cpumask_bits:512 nr_cpu_ids:2 nr_node_ids:1
[    0.000000] PERCPU: Embedded 34 pages/cpu @ffff88003fc00000 s99544 r8192 d31528 u1048576
[    0.000000] PV qspinlock hash table entries: 256 (order: 0, 4096 ytes)
[    0.000000 Built 1 zonelst in Node order, mobility grouping on.  Total pages: 257912
[    0.000000] Policy zone: DMA32
[    0.000000] Kernel command line: BOOT_IMAGE=/boot/vmlinuz-4.4.0-130-generic root=LABEL=cloudimg-rootfs ro console=tty1 console=ttyS0
[    0.000000] PID hash table nties: 4096 (order: 3, 32768 bytes)
[    0.000000] Mmoy: 1001608K/1048120K available (8546K kernel code, 1313K rwdata, 4000K rodata, 1516K init, 1316K bss, 46512K reserved, 0K cma-reserved)
[    0.000000] SLUB: HWalign=64, Order=0-3, MinObjects=0, CPUs=2, Nodes=1
[    0.000000] Kernel/User page tables isolation: enabled
[    0.000000] Hierarchical RCU implementation.
[    0.000000] 	Build-time adjustment of leaf fanout to 64.
[    0.000000] 	RCU restricting CPUs from NR_CPUS=512 to nr_cpu_ids=2.
[    0.000000] RCU: Adjusting geometry for rcu_fanout_leaf=64, nr_cpu_ids=2
[    0.000000] NR_IRQS:33024 nr_irqs:440 1
[    0.000000] Console: colour VGA+ 80x25
[    0.000000] console [tty1] enabled
[    0.000000] console [ttyS0] enabled
[    0.000000] tsc: Detected 2394.460 MHz processor
[    0.875877] Calibrating delay loop (skipped) preset value.. 4788.92 BogoMIPS (lpj=9577840)
[    0.877655] pid_max: default: 32768 minimum: 301
[    0.878600] ACPI: Core revision 20150930
[    0.880448] ACPI: 2 ACPI AML tables successfully acquired and loaded
[    0.893959] Security Framework initialized
[    0.904467] Yama: becoming mindful.
[    0.905234] AppArmor: AppArmor initialized
[    0.906152] Dentry cache hash table entries: 131072 (order: 8, 1048576 bytes)
[    0.921771] Inode-cache hash table entries: 65536 (order: 7, 524288 bytes)
[    0.936069] Mount-cache hash table entries: 2048 (order: 2, 16384 bytes)
[    0.948746] Mountpoint-cache hash table entries: 2048 (order: 2, 16384 bytes)
[    0.966122] Initializing cgroup subsys io
[    0.966970] Initializing cgroup subsys memory
[    0.999517] Initializing cgroup subsys devices
[    1.045311] Initializing cgroup subsys freezer
[    1.064667] Initializing cgroup subsys net_cls
[    1.065597] Initializing cgroup subsys perf_event
[    1.066616] Initializing cgroup subsys net_prio
[    1.067579] Initializing cgroup subsys hugetlb
[    1.068563] Initializing cgroup subsys pids
[    1.069530] CPU: Physical Processor ID: 0
[    1.070382] CPU: Processor Core ID: 0
[    1.072180] mce: CPU supports 0 MCE banks
[    1.073111] Last level iTLB entries: 4KB 1024, 2MB 1024, 4MB 1024
[    1.074330] Last level dTLB entries: 4KB 1024, 2MB 1024, 4MB 1024, 1GB 4
[    1.075595] Spectre V2 : Mitigation: Full generic retpoline
[    1.076738] Spectre V2 : Speculation control IBPB not-supported IBRS not-supported
[    1.078115] Speculative Store Bypass: Vulnerable
[    1.081761] Freeing SMP alternatives memory: 32K
[    1.092004] ftrace: allocating 32245 entries in 126 pages
[    1.147983] smpboot: APIC(0) Converting physical 0 to logical package 0
[    1.153168] smpboot: Max logical packages: 1
[    1.154407] x2apic enabled
[    1.155291] Switched APIC routing to physical x2apic.
[    1.157446] ..TIMER: vector=0x30 apic1=0 pin1=2 apic2=-1 pin2=-1
[    1.263932] smpboot: CPU0: Intel(R) Core(TM) i5-4210U CPU @ 1.70GHz (family: 0x6, model: 0x45, stepping: 0x1)
[    1.309816] Performance Events: unsupported p6 CPU model 69 no PMU driver, software events only.
[    1.345939] KVM setup paravirtual spinlock
[    1.347742] x86: Booting SMP configuration:
[    1.352844] .... node  #0, CPUs:      #1
[    1.353968] kvm-clock: cpu 1, msr 0:3ffe3041, secondary cpu clock
[    1.363462] mce: CPU supports 0 MCE banks
[    1.398214] x86: Booted up 1 node, 2 CPUs
[    1.413337] smpboot: Total of 2 processors activated (9577.84 BogoMIPS)
[    1.423095] devtmpfs: initialized
[    1.440073] evm: security.selinux
[    1.442573] evm: security.SMACK64
[    1.443387] evm: security.SMACK64EXEC
[    1.444288] evm: security.SMACK64TRANSMUTE
[    1.445168] evm: security.SMACK64MMAP
[    1.446007] evm: security.ima
[    1.448268] evm: security.capability
[    1.535271] clocksource: jiffies: mask: 0xffffffff max_cycles: 0xffffffff, max_idle_ns: 7645041785100000 ns
[    1.726898] futex hash table entries: 512 (order: 3, 32768 bytes)
[    1.774490] pinctrl core: initialized pinctrl subsystem
[    1.775675] RTC time: 12:50:40, date: 07/08/18
[    1.777940] NET: Registered protocol family 16
[    1.799973] cpuidle: using governor ladder
[    1.859706] cpuidle: using governor menu
[    1.868774] PCCT header not found.
[    1.870142] ACPI: bus type PCI registered
[    1.872680] acpiphp: ACPI Hot Plug PCI Controller Driver version: 0.5
[    1.874060] PCI: Using configuration type 1 for base access
[    1.893503] ACPI: Added _OSI(Module Device)
[    1.900320] ACPI: Added _OSI(Processor Device)
[    1.901852] ACPI: Added _OSI(3.0 _SCP Extensions)
[    1.902977] ACPI: Added _OSI(Processor Aggregator Device)
[    1.904833] ACPI: Executed 1 blocks of module-level executable AML code
[    1.908383] ACPI: Interpreter enabled
[    1.909202] ACPI: (supports S0 S5)
[    1.909989] ACPI: Using IOAPIC for interrupt routing
[    1.911151] PCI: Using host bridge windows from ACPI; if necessary, use "pci=nocrs" and report a bug
[    1.916567] ACPI: PCI Root Bridge [PCI0] (domain 0000 [bus 00-ff])
[    1.919029] acpi PNP0A03:00: _OSC: OS supports [ASPM ClockPM Segments MSI]
[    1.920343] acpi PNP0A03:00: _OSC: not requesting OS control; OS requires [ExtendedConfig ASPM ClockPM MSI]
[    1.922290] acpi PNP0A03:00: fail to add MMCONFIG information, can't access extended PCI configuration space under this bridge.
[    1.924731] PCI host bridge to bus 0000:00
[    1.925603] pci_bus 0000:00: root bus resource [io  0x0000-0x0cf7 window]
[    1.938584] pci_bus 0000:00: root bus resource [io  0x0d00-0xffff window]
[    1.952455] pci_bus 0000:00: root bus resource [mem 0x000a0000-0x000bffff window]
[    1.954051] pci_bus 0000:00: root bus resource [mem 0x40000000-0xfdffffff window]
[    1.960992] pci_bus 0000:00: root bus resource [bus 00-ff]
[    2.020107] pci 0000:00:01.1: legacy IDE quirk: reg 0x10: [io  0x01f0-0x01f7]
[    2.021354] pci 0000:00:01.1: legacy IDE quirk: reg 0x14: [io  0x03f6]
[    2.051721] pci 0000:00:01.1: legacy IDE quirk: reg 0x18: [io  0x0170-0x0177]
[    2.063381] pci 0000:00:01.1: legacy IDE quirk: reg 0x1c: [io  0x0376]
[    2.089751] pci 0000:00:07.0: quirk: [io  0x4000-0x403f] claimed by PIIX4 ACPI
[    2.096807] pci 0000:00:07.0: quirk: [io  0x4100-0x410f] claimed by PIIX4 SMB
[    2.109730] ACPI: PCI Interrupt Link [LNKA] (IRQs 5 9 10 *11)
[    2.120956] ACPI: PCI Interrupt Link [LNKB] (IRQs 5 9 *10 11)
[    2.191268] ACPI: PCI Interrupt Link [LNKC] (IRQs 5 *9 10 11)
[    2.199158] ACPI: PCI Interrupt Link [LNKD] (IRQs 5 9 10 *11)
[    2.200766] ACPI: Enabled 2 GPEs in block 00 to 07
[    2.209885] vgaarb: setting as boot device: PCI:0000:00:02.0
[    2.212064] vgaarb: device added: PCI:0000:00:02.0,decodes=io+mem,owns=io+mem,locks=none
[    2.213813] vgaarb: loaded
[    2.216151] vgaarb: bridge control possible 0000:00:02.0
[    2.252830] SCSI subsystem initialized
[    2.259091] ACPI: bus type USB registered
[    2.259943] usbcore: registered new interface driver usbfs
[    2.260971] usbcore: registered new interface driver hub
[    2.318792] usbcore: registered new device driver usb
[    2.340403] PCI: Using ACPI for IRQ routing
[    2.348350] NetLabel: Initializing
[    2.350560] NetLabel:  domain hash size = 128
[    2.355164] NetLabel:  protocols = UNLABELED CIPSOv4
[    2.370710] NetLabel:  unlabeled traffic allowed by default
[    2.371904] amd_nb: Cannot enumerate AMD northbridges
[    2.372924] clocksource: Switched to clocksource kvm-clock
[   2.182]ppmo AArr leystem Enabled
[    2.874192] pnp: PnP ACPI init
[    2.984887] pnp: PnP ACPI: found 3 devices
[    3.013667] clocksource: acpi_pm: mask: 0xffffff max_cycles: 0xffffff, max_idle_ns: 2085701024 ns
[  3744]ETRestedrocofail 2

[    3.603406] TCP established hash table entries: 8192 (order: 4, 65536 bytes)
[    3.604838] TCP bind hash table entries: 8192 (order: 5, 131072 bytes)
[    3.606219] TCP: Hash tables configured (established 8192 bind 8192)
[    3.607405] UDP hash table entries: 512 (order: 2, 16384 bytes)
[    3.608498] UDP-Lite hash table entries: 512 (order: 2, 16384 bytes)
[    3.609702] NET: Registered protocol family 1
[    3.610619] pci 0000:00:00.0: Limiting directCIPCI transfers
[    3.682842] pci 0000:00:01.0: Activating ISA DMA hang workarounds
[    3.684140] Unpacking initramfs...

[    5.596969] Freeing initrd memory: 10908K
[    5.609791] RAPL PMU detected, API unit is 2^-32 Joules, 4 fixed counters 10737418240 ms ovfl timer
[    5.724386] hw unit of domain pp0-core 2^-0 Joules
[    5.725490] hw unit of domain package 2^-0 Joules
[    5.755908] hw unit of domain dram 2^-0 Joules
[    5.793987] hw unit of domain pp1-gpu 2^-0 Joules
[    5.854149] platform rtc_cmos: registered platform RTC device (no PNP device found)
[    6.124344] Scanning for low memory corruption every 60 seconds
[    6.125938] audit: initializing netlink subsys (disabled)
[    6.127008] audit: type=2000 audit(1531054248.065:1): initialized
[    6.128412] Initialise system trusted keyring
[    6.129503] HugeTLB registered 2 MB page size, pre-allocated 0 pages
[    6.196057] zbud: loaded
[    6.198535] VFS: Disk quotas dquot_6.6.0
[    6.204203] VFS: Dquot-cache hash table entries: 512 (order 0, 4096 bytes)
[    6.205797] squashfs: version 4.0 (2009/01/31) Phillip Lougher
[    6.223561] fuse init (API version 7.23)
[    6.227283] Key type big_key registered
[    6.229300] Allocating IMA MOK and blacklist keyrings.
[    6.231687] Key type asymmetric registered
[    6.243703] Asymmetric key parser 'x509' registered
[    6.362263] Block layer SCSI generic (bsg) driver version 0.4 loaded (major 249)
[    6.454133] io scheduler noop registered
[    6.478371] io scheduler deadline registered (default)
[    6.479405] io scheduler cfq registered
[    6.480317] pci_hotplug: PCI Hot Plug PCI Core version: 0.5
[    6.481419] pciehp: PCI Express Hot Plug Controller Driver version: 0.4
[    6.484484] ACPI: AC Adapter [AC] (on-line)
[    6.485441] input: Power Button as /devices/LNXSYSTM:00/LNXPWRBN:00/input/input0
[    6.493583] ACPI: Power Button [PWRF]
[    6.501105] input: Sleep Button as /devices/LNXSYSTM:00/LNXSLPBN:00/input/input1
[    6.538727] ACPI: Sleep Button [SLPF]
[    6.540385] ACPI: Battery Slot [BAT0] (battery present)
[    6.542670] GHES: HEST is not enabled!
[    6.693919] Serial: 8250/16550 driver, 32 ports, IRQ sharing enabled
[    6.723439] 00:02: ttyS0 at I/O 0x3f8 (irq = 4, base_baud = 115200) is a 16550A
[    6.904113] tsc: Refined TSC clocksource calibration: 2392.726 MHz
[    6.905249] clocksource: tsc: mask: 0xffffffffffffffff max_cycles: 0x227d6006d83, max_idle_ns: 440795250488 ns
[    7.005409] Linux agpgart interface v0.103
[    7.008279] loop: module loaded
[    7.011017] scsi host0: ata_piix
[    7.014147] scsi host1: ata_piix
[    7.014930] ata1: PATA max UDMA/33 cmd 0x1f0 ctl 0x3f6 bmdma 0xd000 irq 14
[    7.016185] ata2: PATA max UDMA/33 cmd 0x170 ctl 0x376 bmdma 0xd008 irq 15
[    7.017656] libphy: Fixed MDIO Bus: probed
[    7.063898] tun: Universal TUN/TAP device driver, 1.6
[    7.080939] tun: (C) 1999-2004 Max Krasnyansky <maxk@qualcomm.com>
[    7.082287] PPP generic driver version 2.4.2
[    7.083289] ehci_hcd: USB 2.0 'Enhanced' Host Controller (EHCI) Driver
[    7.087761] ehci-pci: EHCI PCI platform driver
[    7.088703] ehci-platform: EHCI generic platform driver
[    7.089824] ohci_hcd: USB 1.1 'Open' Host Controller (OHCI) Driver
[    7.094400] ohci-pci: OHCI PCI platform driver
[    7.095322] ohci-platform: OHCI generic platform driver
[    7.096379] uhci_hcd: USB Universal Host Controller Interface driver
[    7.097700] i8042: PNP: PS/2 Controller [PNP0303:PS2K,PNP0f03:PS2M] at 0x60,0x64 irq 1,12
[    7.105667] serio: i8042 KBD port at 0x60,0x64 irq 1
[    7.200056] serio: i8042 AUX port at 0x60,0x64 irq 12
[    7.202422] mousedev: PS/2 mouse device common for all mice
[    7.284665] input: AT Translated Set 2 keyboard as /devices/platform/i8042/serio0/input/input2
[    7.522306] rtc_cmos rtc_cmos: rtc core: registered rtc_cmos as rtc0
[    7.600005] rtc_cmos rtc_cmos: alarms up to one day, 114 bytes nvram
[   7.674104] i2c /dev entries driver
[    7.698594] device-mapper: uevent: version 1.0.3
[    7.706117] device-mapper: ioctl: 4.34.0-ioctl (2015-10-28) initialised: dm-devel@redhat.com
[    7.774939] ledtrig-cpu: registered to indicate activity on CPUs
[    7.776753] NET: Registered protocol family 10
[    7.779074] NET: Registered protocol family 17
[    7.783926] Key type dns_resolver registered
[    7.755071] registered taskstats version 1
[    7.873827] Loading compiled-in X.509 certificates
[    7.923110] Loaded X.509 cert 'Build time autogenerated kernel key: b3e0fe4bcd6378c38a2c0a4648abbc1fa5043a22'
[    7.933553] zswap: loaded using pool lzo/zbud
[    7.964174] Key type trusted registered
[    7.986925] Key type encrypted registered
[    8.003953] AppArmor: AppArmor sha1 policy hashing enabled
[    8.234028] ima: No TPM chip found, activating TPM-bypass!
[    8.235140] ima: Allocated hash algorithm: sha1
[    8.238627] evm: HMAC attrs: 0x1
[    8.433947]   Magic number: 10:665:834
[    8.453974] rtc_cmos rtc_cmos: setting system clock to 2018-07-08 12:50:47 UTC (1531054247)
[    8.512503] BIOS EDD facility v0.16 2004-Jun-25, 0 devices found
[    8.513796] EDD information not available.
[    8.515966] Freeing unused kernel memory: 1516K
[    8.529102] Write protecting the kernel read-only data: 14336k
[    8.554815] Freeing unused kernel memory: 1680K
[    8.560215] Freeing unused kernel memory: 96K
Loading, please wait...
starting version[    8.576256] random: systemd-udevd: uninitialized urandom read (16 bytes read, 3 bits of entropy available)
 229
[    8.577218] random: udevadm: uninitialized urandom read (16 bytes read, 3 bits of entropy available)
[    8.577276] random: udevadm: uninitialized urandom read (16 bytes read, 3 bits of entropy available)
[    8.586816] random: udevadm: uninitialized urandom read (16 bytes read, 3 bits of entropy available)
[    8.586863] random: udevadm: uninitialized urandom read (16 bytes read, 3 bits of entropy available)
[    8.587008] random: udevadm: uninitialized urandom read (16 bytes read, 3 bits of entropy available)
[    8.587065] random: udevadm: uninitialized urandom read (16 bytes read, 3 bits of entropy available)
[    8.587116] random: udevadm: uninitialized urandom read (16 bytes read, 3 bits of entropy available)
[    8.587168] random: udevadm: uninitialized urandom read (16 bytes read, 3 bits of entropy available)
[    8.587217] random: udevadm: uninitialized urandom read (16 bytes read, 3 bits of entropy available)
[    8.678061] e1000: Intel(R) PRO/1000 Network Driver - version 7.3.21-k8-NAPI
[    8.694341] e1000: Copyright (c) 1999-2006 Intel Corporation.
[    8.715271] Fusion MPT base driver 3.04.20
[    8.717750] Copyright (c) 1999-2008 LSI Corporation
[    8.725235] AVX2 version of gcm_enc/dec engaged.
[    8.743952] AES CTR mode by8 optimization enabled
[    8.770823] Fusion MPT SPI Host driver 3.04.20
[    8.928604] input: ImExPS/2 Generic Explorer Mouse as /devices/platform/i8042/serio1/input/input4
[    9.081708] e1000 0000:00:03.0 eth0: (PCI:33MHz:32-bit) 02:f6:92:8e:b0:b4
[    9.613473] e1000 0000:00:03.0 eth0: Intel(R) PRO/1000 Network Connection
[    9.714880] mptbase: ioc0: Initiating bringup
[    9.781616] ioc0: LSI53C1030 A0: Capabilities={Initiator}
[    9.950384] scsi host2: ioc0: LSI53C1030 A0, FwRev=00000000h, Ports=1, MaxQ=256, IRQ=20
[   10.070378] scsi 2:0:0:0: Direct-Access     VBOX     HARDDISK         1.0  PQ: 0 ANSI: 5
[   10.144996] scsi target2:0:0: Beginning Domain Validation
[   10.185448] scsi target2:0:0: Domain Validation skipping write tests
[   10.192132] scsi target2:0:0: Ending Domain Validation
[   10.212484] scsi target2:0:0: asynchronous
[   10.245802] scsi 2:0:1:0: Direct-Access     VBOX     HARDDISK         1.0  PQ: 0 ANSI: 5
[   10.247747] scsi target2:0:1: Beginning Domain Validation
[   10.249790] scsi target2:0:1: Domain Validation skipping write tests
[   10.252318] scsi target2:0:1: Ending Domain Validation
[   10.259880] scsi target2:0:1: asynchronous
[   10.278010] sd 2:0:0:0: [sda] 20971520 512-byte logical blocks: (10.7 GB/10.0 GiB)
[   10.281086] sd 2:0:0:0: Attached scsi generic sg0 type 0
[   10.288934] sd 2:0:0:0: [sda] Write Protect is off
[   10.293712] sd 2:0:0:0: [sda] Incomplete mode parameter data
[   10.297197] sd 2:0:0:0: [sda] Assuming drive cache: write through
[   10.300218] sd 2:0:1:0: [sdb] 20480 512-byte logical blocks: (10.5 MB/10.0 MiB)
[   10.307373] sd 2:0:1:0: Attached scsi generic sg1 type 0
[   10.309281] sd 2:0:1:0: [sdb] Write Protect is off
[   10.321352] sd 2:0:1:0: [sdb] Incomplete mode parameter data
[   10.347020] sd 2:0:1:0: [sdb] Assuming drive cache: write through
[   10.348978]  sda: sda1
[   10.351427] sd 2:0:0:0: [sda] Attached SCSI disk
[   10.362523] sd 2:0:1:0: [sdb] Attached SCSI disk
[   10.517979] e1000 0000:00:08.0 eth1: (PCI:33MHz:32-bit) 08:00:27:47:51:bd
[   10.524638] e1000 0000:00:08.0 eth1: Intel(R) PRO/1000 Network Connection
[   10.527009] e1000 0000:00:03.0 enp0s3: renamed from eth0
[   10.545254] e1000 0000:00:08.0 enp0s8: renamed from eth1
Begin: Loading e[   12.300261] md: linear personality registered for level -1
ssential drivers ... [   12.314345] md: multipath personality registered for level -4
[   12.320744] md: raid0 personality registered for level 0
[   12.349730] md: raid1 personality registered for level 1
[   12.456984] raid6: sse2x1   gen()  4646 MB/s
[   12.528974] raid6: sse2x1   xor()  4810 MB/s
[   12.620986] raid6: sse2x2   gen() 10443 MB/s
[   12.692982] raid6: sse2x2   xor()  6978 MB/s
[   12.764970] raid6: sse2x4   gen() 11980 MB/s
[   12.836963] raid6: sse2x4   xor()  8480 MB/s
[   12.908962] raid6: avx2x1   gen() 15560 MB/s
[   12.980962] raid6: avx2x2   gen() 18509 MB/s
[   13.096961] raid6: avx2x4   gen() 21070 MB/s
[   13.138338] raid6: using algorithm avx2x4 gen() 21070 MB/s
[   13.149946] raid6: using avx2x2 recovery algorithm
[   13.172473] xor: automatically using best checksumming function:
[   13.242656]    avx       : 73761.000 MB/sec
[   13.247183] async_tx: api initialized (async)
[   13.265451] md: raid6 personality registered for level 6
[   13.443398] md: raid5 personality registered for level 5
[   13.453395] md: raid4 personality registered for level 4
[   13.462324] md: raid10 personality registered for level 10
done.
Begin: Running /scripts/init-premount ... done.
Begin: Mounting root file system ... Begin: Running /scripts/local-top ... done.
Begin: Running /scripts/loc[   13.512453] Btrfs loaded
al-premount ... Scanning for Btrfs filesystems
done.
Warning: fsck not present, so sk[   13.562444] EXT4-fs (sda1): mounted filesystem with ordered data mode. Opts: (null)
ipping root file system
done.
Begin: Running /scripts/local-bottom ... done.
Begin: Running /scripts/init-bottom ... done.
[   13.808233] systemd[1]: systemd 229 running in system mode. (+PAM +AUDIT +SELINUX +IMA +APPARMOR +SMACK +SYSVINIT +UTMP +LIBCRYPTSETUP +GCRYPT +GNUTLS +ACL +XZ -LZ4 +SECCOMP +BLKID +ELFUTILS +KMOD -IDN)
[   13.816508] systemd[1]: Detected virtualization oracle.
[   13.817806] systemd[1]: Detected architecture x86-64.

Welcome to [1mUbuntu 16.04.4 LTS[0m!

[   13.845914] systemd[1]: Set hostname to <ubuntu>.
[   13.857982] systemd[1]: Initializing machine ID from random generator.
[   13.863880] systemd[1]: Installed transient /etc/machine-id file.
[   14.009373] systemd[1]: Listening on Syslog Socket.
[[0;32m  OK  [0m] Listening on Syslog Socket.
[   14.244901] systemd[1]: Set up automount Arbitrary Executable File Formats File System Automount Point.
[[0;32m  OK  [0m] Set up automount Arbitrary Executab...ats File System Automount Point.
[   14.561239] systemd[1]: Listening on udev Kernel Socket.
[[0;32m  OK  [0m] Listening on udev Kernel Socket.
[   14.616725] systemd[1]: Created slice User and Session Slice.
[[0;32m  OK  [0m] Created slice User and Session Slice.
[   14.621066] systemd[1]: Started Forward Password Requests to Wall Directory Watch.
[[0;32m  OK  [0m] Started Forward Password Requests to Wall Directory Watch.
[   14.664831] systemd[1]: Listening on LVM2 poll daemon socket.
[[0;32m  OK  [0m] Listening on LVM2 poll daemon socket.
[   14.699506] systemd[1]: Listening on /dev/initctl Compatibility Named Pipe.
[[0;32m  OK  [0m] Listening on /dev/initctl Compatibility Named Pipe.
[   14.703320] systemd[1]: Listening on LVM2 metadata daemon socket.
[[0;32m  OK  [0m] Listening on LVM2 metadata daemon socket.
[   14.713182] systemd[1]: Reached target User and Group Name Lookups.
[[0;32m  OK  [0m] Reached target User and Group Name Lookups.
[   14.724940] systemd[1]: Reached target Swap.
[[0;32m  OK  [0m] Reached target Swap.
[   15.121197] systemd[1]: Reached target Encrypted Volumes.
[[0;32m  OK  [0m] Reached target Encrypted Volumes.
[   15.521000] systemd[1]: Reached target System Time Synchronized.
[[0;32m  OK  [0m] Reached target System Time Synchronized.
[   15.644212] systemd[1]: Started Trigger resolvconf update for networkd DNS.
[[0;32m  OK  [0m] Started Trigger resolvconf update for networkd DNS.
[   15.654870] systemd[1]: Listening on udev Control Socket.
[[0;32m  OK  [0m] Listening on udev Control Socket.
[   15.757359] systemd[1]: Listening on Journal Socket.
[[0;32m  OK  [0m] Listening on Journal Socket.
[   15.910083] systemd[1]: Listening on Device-mapper event daemon FIFOs.
[[0;32m  OK  [0m] Listening on Device-mapper event daemon FIFOs.
[   16.105536] systemd[1]: Listening on Journal Socket (/dev/log).
[[0;32m  OK  [0m] Listening on Journal Socket (/dev/log).
[   16.228037] systemd[1]: Created slice System Slice.
[[0;32m  OK  [0m] Created slice System Slice.
[   16.235314] systemd[1]: Created slice system-serial\x2dgetty.slice.
[[0;32m  OK  [0m] Created slice system-serial\x2dgetty.slice.
[   16.253305] systemd[1]: Starting Set console keymap...
         Starting Set console keymap...
[   16.282725] systemd[1]: Mounting Huge Pages File System...
         Mounting Huge Pages File System...
[   16.306762] systemd[1]: Reached target Slices.
[[0;32m  OK  [0m] Reached target Slices.
[   16.309335] systemd[1]: Starting Uncomplicated firewall...
         Starting Uncomplicated firewall...
[   16.435755] systemd[1]: Mounting Debug File System...
         Mounting Debug File System...
[   16.529511] systemd[1]: Starting Create list of required static device nodes for the current kernel...
         Starting Create list of required st... nodes for the current kernel...
[   16.777193] systemd[1]: Starting Load Kernel Modules...
[   16.805281] Loading iSCSI transport class v2.0-870.
         Starting Load Kernel Modules...
[   16.809703] systemd[1]: Starting Remount Root and Kernel File Systems...
         Starting Remount Root and Kernel File Systems...
[   16.814575] systemd[1]: Mounting POSIX Message Queue File System...
[   16.823537] iscsi: registered transport (tcp)
         Mountin[   16.825436] EXT4-fs (sda1): re-mounted. Opts: (null)
g POSIX Message Queue File System...
[   16.828969] systemd[1]: Starting Nameserver information manager...
         Starting Nameserver information manager...
[   16.854648] systemd[1]: Starting Monitoring of LVM2 mirrors, snapshots etc. using dmeventd or progress polling...
         Starting Monitoring of LVM2 mirrors... dmeventd or progress poll[   16.969505] iscsi: registered transport (iser)
ing...
[   17.077275] systemd[1]: Listening on Journal Audit Socket.
[[0;32m  OK  [0m] Listening on Journal Audit Socket.
[   17.097202] systemd[1]: Starting Journal Service...
[   17.107186] random: nonblocking pool is initialized
         Starting Journal Service...
[   17.114508] systemd[1]: Mounted Huge Pages File System.
[[0;32m  OK  [0m] Mounted Huge Pages File System.
[   17.153362] systemd[1]: Mounted Debug File System.
[[0;32m  OK  [0m] Mounted Debug File System.
[   17.175285] systemd[1]: Mounted POSIX Message Queue File System.
[[0;32m  OK  [0m] Mounted POSIX Message Queue File System.
[   17.179821] systemd[1]: Started Journal Service.
[[0;32m  OK  [0m] Started Journal Service.
[[0;32m  OK  [0m] Started Set console keymap.
[[0;32m  OK  [0m] Started Uncomplicated firewall.
[[0;32m  OK  [0m] Started Create list of required sta...ce nodes for the current kernel.
[[0;32m  OK  [0m] Started Load Kernel Modules.
[[0;32m  OK  [0m] Started Remount Root and Kernel File Systems.
[[0;32m  OK  [0m] Started Nameserver information manager.
[[0;32m  OK  [0m] Started LVM2 metadata daemon.
         Starting Load/Save Random Seed...
         Starting udev Coldplug all Devices...
         Starting Apply Kernel Variables...
         Mounting FUSE Control File System...
         Starting Create Static Device Nodes in /dev...
         Starting Flush Journal to Persistent Storage...
[[0;32m  OK  [0m] Mounted FUSE Control File System.
[[0;32m  OK  [0m] Started Load/Save Random Seed.
[[0;32m  OK  [0m] Started Apply Kernel Variables.
[[0;32m  OK  [0m] Started Create Static Device Nodes in /dev.
[[0;32m  OK  [0m] Started udev Coldplug all Devices.
         Starting udev Kernel Device Manager...
[[0;32m  OK  [0m] Started Flush Journal to Persistent Storage.
[[0;32m  OK  [0m] Started udev Kernel Device Manager.
[[0;32m  OK  [0m] Started Dispatch Password Requests to Console Directory Watch.
[[0;32m  OK  [0m] Started Monitoring of LVM2 mirrors,...ng dmeventd or progress polling.
[[0;32m  OK  [0m] Found device /dev/ttyS0.
[[0;32m  OK  [0m] Reached target Local File Systems (Pre).
[[0;32m  OK  [0m] Reached target Local File Systems.
         Starting Tell Plymouth To Write Out Runtime Data...
         Starting Commit a transient machine-id on disk...
         Starting Initial cloud-init job (pre-networking)...
         Starting Create Volatile Files and Directories...
         Starting LSB: AppArmor initialization...
         Starting Set console font and keymap...
[[0;32m  OK  [0m] Started Tell Plymouth To Write Out Runtime Data.
[[0;32m  OK  [0m] Started Commit a transient machine-id on disk.
[[0;32m  OK  [0m] Started Create Volatile Files and Directories.
[[0;32m  OK  [0m] Listening on Load/Save RF Kill Switch Status /dev/rfkill Watch.
[   17.489195]          cloud-initStarting Update UTMP about System Boot/Shutdown...[569]: 
Cloud-init v. 18.2 running 'init-local' at Sun, 08 Jul 2018 12:50:57 +0000. Up 16.98 seconds.
[[0;32m  OK  [0m] Started Update UTMP about System Boot/Shutdown.
[[0;32m  OK  [0m] Started LSB: AppArmor initialization.
[[0;32m  OK  [0m] Started Set console font and keymap.
[[0;32m  OK  [0m] Started Initial cloud-init job (pre-networking).
[[0;32m  OK  [0m] Reached target Network (Pre).
[[0;32m  OK  [0m] Created slice system-getty.slice.
         Starting Raise network interfaces...
[[0;32m  OK  [0m] Started Raise network interfaces.
         Starting Initial cloud-init job (metadata service crawler)...
[[0;32m  OK  [0m] Reached target Network.
[   19.469018] cloud-init[970]: Cloud-init v. 18.2 running 'init' at Sun, 08 Jul 2018 12:50:59 +0000. Up 18.37 seconds.
[   19.548561] cloud-init[970]: ci-info: ++++++++++++++++++++++++++++++++++++++Net device info++++++++++++++++++++++++++++++++++++++
[   19.548992] cloud-init[970]: ci-info: +--------+-------+----------------------------+---------------+-------+-------------------+
[[0;32m  OK  [0m] Started Initial cloud-init job (metadata service crawler).
[   19.549246] cloud-init[970]: ci-info: | Device |   Up  |          Address           |      Mask     | Scope |     Hw-Address    |
[   19.852548] cloud-init[970]: ci-info: +--------+-------+----------------------------+---------------+-------+-------------------+
[   19.853115] cloud-init[970]: ci-info: | enp0s3 |  True |         10.0.2.15          | 255.255.255.0 |   .   | 02:f6:92:8e:b0:b4 |
[[0;32m  OK  [0m] Reached target Network is Online.
[   19.853414] cloud-init[970]: ci-info: | enp0s3 |  True | fe80::f6:92ff:fe8e:b0b4/64 |       .       |  link | 02:f6:92:8e:b0:b4 |
[   20.033197] cloud-init[970]: ci-info: | enp0s8 | False |             .              |       .       |   .   | 08:00:27:47:51:bd |
[   20.033476] cloud-init[970]: ci-info: |   lo   |  True |         127.0.0.1          |   255.0.0.0   |   .   |         .         |
         Starting iSCSI initiator daemon (iscsid)...
[[   20.033685] cloud-init[970]: ci-info: |   lo   |  True |          ::1/128           |       .       |  host |         .         |
[   20.039208] cloud-init[970]: ci-info: +--------+-------+----------------------------+---------------+-------+-------------------+
[   20.039376] cloud-init[970]: ci-info: +++++++++++++++++++++++++++Route IPv4 info++++++++++++++++++++++++++++
[   20.039559] cloud-init[970]: ci-info: +-------+-------------+----------+---------------+-----------+-------+
[   20.039752] cloud-init[970]: ci-info: | Route | Destination | Gateway  |    Genmask    | Interface | Flags |
[   20.040361] cloud-init[970]: ci-info: +-------+-------------+----------+---------------+-----------+-------+
[   20.040536] cloud-init[970]: ci-info: |   0   |   0.0.0.0   | 10.0.2.2 |    0.0.0.0    |   enp0s3  |   UG  |
[   20.040729] cloud-init[970]: ci-info: |   1   |   10.0.2.0  | 0.0.0.0  | 255.255.255.0 |   enp0s3  |   U   |
[   20.041141] cloud-init[970]: ci-info: +-------+-------------+----------+---------------+-----------+-------+
[   20.041629] cloud-init[970]: Generating public/private rsa key pair.
[   20.041723] cloud-init[970]: Your identification has been saved in /etc/ssh/ssh_host_rsa_key.
[   20.041906] cloud-init[970]: Your public key has been saved in /etc/ssh/ssh_host_rsa_key.pub.
[   20.042106] cloud-init[970]: The key fingerprint is:
[   20.042294] cloud-init[970]: SHA256:VDHZkV3d/0iayPADY4y3VBsLpYAWZQ4+iNa6nBz3bz4 root@ubuntu-xenial
[   20.042489] cloud-init[970]: The key's randomart image is:
[   20.042681] cloud-init[970]: +---[RSA 2048]----+
[   20.042875] cloud-init[970]: |    o++  .=+.+ .+|
[   20.043087] cloud-init[970]: | ..oo+ ..o+.o . o|
[   20.043287] cloud-init[970]: |...oo .ooo +    .|
[   20.043448] cloud-init[970]: |. .  ...O o   . .|
[   20.043800] cloud-init[970]: | o .   +SB . + ..|
[   20.043966] cloud-init[970]: |o = .   . = o . .|
[   20.044317] cloud-init[970]: | =   .     .     |
[   20.044481] cloud-init[970]: |      .E         |
[   20.044650] cloud-init[970]: |      oo.        |
[   20.044823] cloud-init[970]: +----[SHA256]-----+
[   20.044993] cloud-init[970]: Generating public/private dsa key pair.
[   20.045167] cloud-init[970]: Your identification has been saved in /etc/ssh/ssh_host_dsa_key.
[   20.045337] cloud-init[970]: Your public key has been saved in /etc/ssh/ssh_host_dsa_key.pub.
[   20.045509] cloud-init[970]: The key fingerprint is:
[   20.045684] cloud-init[970]: SHA256:upxeD9t6V5kt5Z2VHfUcAnEx9U46rEj0zHdbbHYY5SA root@ubuntu-xenial
[   20.045853] cloud-init[970]: The key's randomart image is:
[   20.046022] cloud-init[970]: +---[DSA 1024]----+
[   20.046196] cloud-init[970]: |           oE=+o+|
[   20.046366] cloud-init[970]: |            ..o*+|
[   20.046540] cloud-init[970]: |          .   . X|
[   20.046710] cloud-init[970]: |         . + . O+|
[   20.046880] cloud-init[970]: |        S . + **%|
[   20.047053] cloud-init[970]: |       . . . o=*B|
[   20.047235] cloud-init[970]: |      . o . .. o |
[   20.047403] cloud-init[970]: |     . + =. .    |
[   20.047574] cloud-init[970]: |     .= ooo.     |
[   20.047744] cloud-init[970]: +----[SHA256]-----+
[   20.047916] cloud-init[970]: Generating public/private ecdsa key pair.
[   20.048289] cloud-init[970]: Your identification has been saved in /etc/ssh/ssh_host_ecdsa_key.
[   20.048441] cloud-init[970]: Your public key has been saved in /etc/ssh/ssh_host_ecdsa_key.pub.
[   20.048608] cloud-init[970]: The key fingerprint is:
[   20.048781] cloud-init[970]: SHA256:2Q+hIXsCyBIncLDi0Hd0zHfhdMJXxmMz3hRdXx5kmhI root@ubuntu-xenial
[   20.048951] cloud-init[970]: The key's randomart image is:
[   20.049120] cloud-init[970]: +---[ECDSA 256]---+
[   20.049291] cloud-init[970]: |*.o   .o.  E+.oBO|
[   20.049464] cloud-init[970]: | O . . .o .o+o=BB|
[   20.049634] cloud-init[970]: |= + o o ...o.+o.B|
[   20.049806] cloud-init[970]: |+. . o o = ..  ..|
[   20.050160] cloud-init[970]: | .    o S o      |
[   20.050323] cloud-init[970]: |       o   o     |
[   20.050494] cloud-init[970]: |            .    |
[   20.050666] cloud-init[970]: |                 |
[   20.050836] cloud-init[970]: |                 |
[   20.051204] cloud-init[970]: +----[SHA256]-----+
[   20.051360] cloud-init[970]: Generating public/private ed25519 key pair.
[   20.051713] cloud-init[970]: Your identification has been saved in /etc/ssh/ssh_host_ed25519_key.
[   20.051874] cloud-init[970]: Your public key has been saved in /etc/ssh/ssh_host_ed25519_key.pub.
[   20.052077] cloud-init[970]: The key fingerprint is:
[   20.052225] cloud-init[970]: SHA256:/dNglV30TQLv0uYmZEG33lE6bwaXWS0WNM1yKbjWPqw root@ubuntu-xenial
[   20.052389] cloud-init[970]: The key's randomart image is:
[   20.052560] cloud-init[970]: +--[ED25519 256]--+
[   20.052731] cloud-init[970]: |            +o*=O|
[   20.052902] cloud-init[970]: |           o ++X&|
[   20.053074] cloud-init[970]: |            +.XB=|
[   20.053244] cloud-init[970]: |         . o B *.|
[   20.053420] cloud-init[970]: |        S o O = =|
[   20.053771] cloud-init[970]: |           = X o |
[   20.053932] cloud-init[970]: |            = =  |
[   20.054100] cloud-init[970]: |           E +   |
[   20.054472] cloud-init[970]: |                 |
[   20.054622] cloud-init[970]: +----[SHA256]-----+
[0;32m  OK  [0m] Reached target Cloud-config availability.
[[0;32m  OK  [0m] Reached target System Initialization.
[[0;32m  OK  [0m] Listening on D-Bus System Message Bus Socket.
[[0;32m  OK  [0m] Started Daily apt download activities.
[[0;32m  OK  [0m] Started Daily apt upgrade and clean activities.
[[0;32m  OK  [0m] Started ACPI Events Check.
[[0;32m  OK  [0m] Reached target Paths.
         Starting Socket activation for snappy daemon.
[[0;32m  OK  [0m] Listening on ACPID Listen Socket.
[[0;32m  OK  [0m] Listening on UUID daemon activation socket.
         Starting LXD - unix socket.
[[0;32m  OK  [0m] Started Daily Cleanup of Temporary Directories.
[[0;32m  OK  [0m] Reached target Timers.
[[0;32m  OK  [0m] Listening on Socket activation for snappy daemon.
[[0;32m  OK  [0m] Listening on LXD - unix socket.
[[0;32m  OK  [0m] Started iSCSI initiator daemon (iscsid).
         Starting Login to default iSCSI targets...
[[0;32m  OK  [0m] Reached target Sockets.
[[0;32m  OK  [0m] Reached target Basic System.
[[0;32m  OK  [0m] Started FUSE filesystem for LXC.
         Starting LSB: Record successful boot for GRUB...
         Starting Accounts Service...
[[0;32m  OK  [0m] Started ACPI event daemon.
         Starting Snappy daemon...
         Starting System Logging Service...
[[0;32m  OK  [0m] Started D-Bus System Message Bus.
[[0;32m  OK  [0m] Started Unattended Upgrades Shutdown.
         Starting LXD - container startup/shutdown...
         Starting Virtualbox guest utils...
         Starting Apply the settings specified in cloud-config...
         Starting LSB: MD monitoring daemon...
         Starting Pollinate to seed the pseudo random number generator...
         Starting Login Service...
[[0;32m  OK  [0m] Started Deferred execution scheduler.
         Starting /etc/rc.local Compatibility...
[[0;32m  OK  [0m] Started Regular background program processing daemon.
[[0;32m  OK  [0m] Started System Logging Service.
[[0;32m  OK  [0m] Started Snappy daemon.
[[0;32m  OK  [0m] Started LXD - container startup/shutdown.
[[0;32m  OK  [0m] Started /etc/rc.local Compatibility.
[[0;32m  OK  [0m] Started LSB: Record successful boot for GRUB.
[[0;32m  OK  [0m] Started Login to default iSCSI targets.
[[0;32m  OK  [0m] Started LSB: MD monitoring daemon.
         Starting Authenticate and Authorize Users to Run Privileged Tasks...
[[0;32m  OK  [0m] Reached target Remote File Systems (Pre).
[[0;32m  OK  [0m] Reached target Remote File Systems.
         Starting LSB: automatic crash report generation...
[   22.249536] cloud-init[1105]: Generating locales (this might take a while)...
         Starting Permit User Sessions...
         Starting LSB: Set the CPU Frequency Scaling governor to "ondemand"...
         Starting LSB: daemon to balance interrupts for SMP systems...
         Starting Wait until snapd is fully seeded...
[[0;32m  OK  [0m] Started Virtualbox guest utils.
[[0;32m  OK  [0m] Started Permit User Sessions.
[[0;32m  OK  [0m] Started Login Service.
[[0;32m  OK  [0m] Started Authenticate and Authorize Users to Run Privileged Tasks.
[[0;32m  OK  [0m] Started Accounts Service.
         Starting Terminate Plymouth Boot Screen...
         Starting Hold until boot process finishes up...
[[0;32m  OK  [0m] Started LSB: automatic crash report generation.
[[0;32m  OK  [0m] Started Pollinate to seed the pseudo random number generator.
[[0;32m  OK  [0m] Started LSB: Set the CPU Frequency Scaling governor to "ondemand".
[[0;32m  OK  [0m] Started LSB: daemon to balance interrupts for SMP systems.
[[0;32m  OK  [0m] Started Terminate Plymouth Boot Screen.
[[0;32m  OK  [0m] Started Hold until boot process finishes up.
[[0;32m  OK  [0m] Started Serial Getty on ttyS0.
         Starting Set console scheme...
[[0;32m  OK  [0m] Started Getty on tty1.
[[0;32m  OK  [0m] Reached target Login Prompts.
         Starting OpenBSD Secure Shell server...
[[0;32m  OK  [0m] Started OpenBSD Secure Shell server.
[[0;32m  OK  [0m] Started Set console scheme.
[   23.239585] cloud-init[1105]:   en_US.UTF-8... done
[   23.284435] cloud-init[1105]: Generation complete.
[   23.590714] cloud-init[1105]: Cloud-init v. 18.2 running 'modules:config' at Sun, 08 Jul 2018 12:51:02 +0000. Up 22.05 seconds.
[[0;32m  OK  [0m] Started Apply the settings specified in cloud-config.
[[0;32m  OK  [0m] Started Wait until snapd is fully seeded.
[[0;32m  OK  [0m] Reached target Multi-User System.
         Starting Execute cloud user/final scripts...
[[0;32m  OK  [0m] Reached target Graphical Interface.
         Starting Update UTMP about System Runlevel Changes...
[[0;32m  OK  [0m] Started Update UTMP about System Runlevel Changes.
ci-info: no authorized ssh keys fingerprints found for user ubuntu.
<14>Jul  8 12:51:05 ec2: 
<14>Jul  8 12:51:05 ec2: #############################################################
<14>Jul  8 12:51:05 ec2: -----BEGIN SSH HOST KEY FINGERPRINTS-----
<14>Jul  8 12:51:05 ec2: 1024 SHA256:upxeD9t6V5kt5Z2VHfUcAnEx9U46rEj0zHdbbHYY5SA root@ubuntu-xenial (DSA)
<14>Jul  8 12:51:05 ec2: 256 SHA256:2Q+hIXsCyBIncLDi0Hd0zHfhdMJXxmMz3hRdXx5kmhI root@ubuntu-xenial (ECDSA)
<14>Jul  8 12:51:05 ec2: 256 SHA256:/dNglV30TQLv0uYmZEG33lE6bwaXWS0WNM1yKbjWPqw root@ubuntu-xenial (ED25519)
<14>Jul  8 12:51:05 ec2: 2048 SHA256:VDHZkV3d/0iayPADY4y3VBsLpYAWZQ4+iNa6nBz3bz4 root@ubuntu-xenial (RSA)
<14>Jul  8 12:51:05 ec2: -----END SSH HOST KEY FINGERPRINTS-----
<14>Jul  8 12:51:05 ec2: #############################################################
-----BEGIN SSH HOST KEY KEYS-----
ecdsa-sha2-nistp256 AAAAE2VjZHNhLXNoYTItbmlzdHAyNTYAAAAIbmlzdHAyNTYAAABBBPElQdVT2h2o8hZt+Fl8sNjj9a953OEsojpB8x1zpXdk2Lu7LB5oJLudKH7NOtrsiDECPgC8Rl1hlPRoHVnsMfI= root@ubuntu-xenial
ssh-ed25519 AAAAC3NzaC1lZDI1NTE5AAAAID96x7Fq4gOzExaI0d7HT9eZTNU9LWqIszqOZhCxC6dX root@ubuntu-xenial
ssh-rsa AAAAB3NzaC1yc2EAAAADAQABAAABAQDQUtzHfM1CoDVmjKgEk7FteQRmunjRqk0bJe/bPMfWYsqno2fpnGCY34gPvwaMDIWNvCYwXhezJ8RyFWsfrsbq4rUHrK3iJdtdSENdxKMurxS1zJyejmM8p8s45lIzM/ER+SuwH4mu8+XZgTb1ovcsGPHN1VkXLY7BJJb8YuVjRWgKv+YRNmZ769nw+j90Wcu1+whEq2vLUBUWl+vs1sOguUwbkaEWtANxEkPfoejixUDLkpB3GWe/S3nE/59kfqVNQfuVhszldkBdRMEZ7gq+fQZUb8YMmxvIU4qrwOUs2/n7fO7obGhn/LKWSZsaQ/5qFaIxl+/+3K1v0/MOL5HL root@ubuntu-xenial
-----END SSH HOST KEY KEYS-----
[   25.431651] cloud-init[1317]: Cloud-init v. 18.2 running 'modules:final' at Sun, 08 Jul 2018 12:51:05 +0000. Up 24.66 seconds.
[   25.505171] [cloud-init[0;32m  OK  [0m[1317]: ] ci-info: no authorized ssh keys fingerprints found for user ubuntu.Started Execute cloud user/final scripts.

[   25.506070] cloud-init[1317]: Cloud-init v. 18.2 finished at Sun, 08 Jul 2018 12:51:06 +0000. Datasource DataSourceNoCloud [seed=/dev/sdb][dsmode=net].  Up 25.42 seconds
[[0;32m  OK  [0m] Reached target Cloud-init target.

Ubuntu 16.04.4 LTS ubuntu-xenial ttyS0

ubuntu-xenial login:                                                     Stopping Session 3 of user vagrant.
[[0;32m  OK  [0m] Stopped tart         Stopping LSB: daemon to balance interrupts for SMP systems...
         Stopping System Logging Service...
         Stopping LSB: MD monitoring daemon...
         Stopping OpenBSD Secure Shell server...
         Stopping Unattended Upgrades Shutdown...
         Stopping LSB: Record successful boot for GRUB...
         Stopping FUSE filesystem for LXC...
         Stopping D-Bus System Message Bus...
         Stopping Virtualbox guest utils...
         Stopping LSB: automatic crash report generation...
         Stopping Accounts Service...
[[0;32m  OK  [0m] Stopped target Timers.
[[0;32m  OK  [0m] Stopped Daily Cleanup of Temporary Directories.
[[0;32m  OK  [0m] Stopped Daily apt upgrade and clean activities.
[[0;32m  OK  [0m] Stopped Daily apt download activities.
[[0;32m  OK  [0m] Stopped target System Time Synchronized.
[[0;32m  OK  [0m] Stopped Wait until snapd is fully seeded.
         Stopping Snappy daemon...
[[0;32m  OK  [0m] Unmounted /var/lib/lxcfs.
[[0;32m  OK  [0m] Stopped Accounts Service.
[[0;32m  OK  [0m] Stopped System Logging Service.
[[0;32m  OK  [0m] Stopped ACPI event daemon.
[[0;32m  OK  [0m] Stopped Deferred execution scheduler.
[[0;32m  OK  [0m] Stopped Regular background program processing daemon.
[[0;32m  OK  [0m] Stopped Snappy daemon.
[[0;32m  OK  [0m] Stopped Authenticate and Authorize Users to Run Privileged Tasks.
[[0;32m  OK  [0m] Stopped Serial Getty on ttyS0.
[[0;32m  OK  [0m] Stopped Getty on tty1.
[[0;32m  OK  [0m] Stopped OpenBSD Secure Shell server.
[[0;32m  OK  [0m] Stopped User Manager for UID 1000.
[[0;32m  OK  [0m] Stopped Session 3 of user vagrant.
[[0;32m  OK  [0m] Stopped Unattended Upgrades Shutdown.
[[0;32m  OK  [0m] Stopped D-Bus System Message Bus.
[[0;32m  OK  [0m] Stopped FUSE filesystem for LXC.
[[0;32m  OK  [0m] Stopped LXD - container startup/shutdown.
[[0;32m  OK  [0m] Stopped LSB: Set the CPU Frequency Scaling governor to "ondemand".
[[0;32m  OK  [0m] Stopped LSB: daemon to balance interrupts for SMP systems.
[[0;32m  OK  [0m] Stopped LSB: MD monitoring daemon.
[[0;32m  OK  [0m] Stopped LSB: Record successful boot for GRUB.
[[0;32m  OK  [0m] Stopped LSB: automatic crash report generation.
[[0;32m  OK  [0m] Stopped Virtualbox guest utils.
[[0;32m  OK  [0m] Removed slice User Slice of vagrant.
         Stopping Login Service...
[[0;32m  OK  [0m] Removed slice system-getty.slice.
[[0;32m  OK  [0m] Stopped /etc/rc.local Compatibility.
[[0;32m  OK  [0m] Removed slice system-serial\x2dgetty.slice.
         Stopping Permit User Sessions...
[[0;32m  OK  [0m] Stopped Login Service.
[[0;32m  OK  [0m] Stopped Permit User Sessions.
[[0;32m  OK  [0m] Stopped target Remote File Systems.
[[0;32m  OK  [0m] Stopped target Remote File Systems (Pre).
         Stopping Login to default iSCSI targets...
[[0;32m  OK  [0m] Stopped target Basic System.
[[0;32m  OK  [0m] Stopped target Paths.
[[0;32m  OK  [0m] Stopped Dispatch Password Requests to Console Directory Watch.
[[0;32m  OK  [0m] Stopped ACPI Events Check.
[[0;32m  OK  [0m] Stopped Forward Password Requests to Wall Directory Watch.
[[0;32m  OK  [0m] Stopped target Slices.
[[0;32m  OK  [0m] Removed slice User and Session Slice.
[[0;32m  OK  [0m] Stopped target Sockets.
[[0;32m  OK  [0m] Closed D-Bus System Message Bus Socket.
[[0;32m  OK  [0m] Closed Syslog Socket.
[[0;32m  OK  [0m] Closed ACPID Listen Socket.
[[0;32m  OK  [0m] Closed LXD - unix socket.
[[0;32m  OK  [0m] Closed UUID daemon activation socket.
[[0;32m  OK  [0m] Closed Socket activation for snappy daemon.
[[0;32m  OK  [0m] Stopped target System Initialization.
[[0;32m  OK  [0m] Stopped target Encrypted Volumes.
[[0;32m  OK  [0m] Stopped Commit a transient machine-id on disk.
[[0;32m  OK  [0m] Stopped target Swap.
         Stopping Update UTMP about System Boot/Shutdown...
         Stopping Load/Save Random Seed...
[[0;32m  OK  [0m] Stopped target User and Group Name Lookups.
[[0;32m  OK  [0m] Stopped Load/Save Random Seed.
[[0;32m  OK  [0m] Stopped Login to default iSCSI targets.
[[0;32m  OK  [0m] Stopped Update UTMP about System Boot/Shutdown.
[[0;32m  OK  [0m] Stopped Create Volatile Files and Directories.
         Stopping iSCSI initiator daemon (iscsid)...
[[0;32m  OK  [0m] Stopped iSCSI initiator daemon (iscsid).
[[0;32m  OK  [0m] Stopped target Network is Online.
[[0;32m  OK  [0m] Stopped target Network.
[[0;32m  OK  [0m] Stopped Initial cloud-init job (metadata service crawler).
         Stopping Raise network interfaces...
[[0;32m  OK  [0m] Stopped Raise network interfaces.
[[0;32m  OK  [0m] Stopped target Network (Pre).
[[0;32m  OK  [0m] Stopped Initial cloud-init job (pre-networking).
[[0;32m  OK  [0m] Stopped target Local File Systems.
         Unmounting /vagrant...
         Unmounting /run/user/1000...
[[0;32m  OK  [0m] Stopped Apply Kernel Variables.
[[0;32m  OK  [0m] Stopped Load Kernel Modules.
[[0;32m  OK  [0m] Unmounted /vagrant.
[[0;32m  OK  [0m] Unmounted /run/user/1000.
[[0;32m  OK  [0m] Reached target Unmount All Filesystems.
[[0;32m  OK  [0m] Stopped target Local File Systems (Pre).
         Stopping Monitoring of LVM2 mirrors... dmeventd or progress polling...
[[0;32m  OK  [0m] Stopped Create Static Device Nodes in /dev.
[[0;32m  OK  [0m] Stopped Remount Root and Kernel File Systems.
[[0;32m  OK  [0m] Reached target Shutdown.
[ 2067.984287] reboot: Restarting system
[    00000] Initilizig cgroup subsys cpuset
[    0.000000] Initializing cgroup subsys cpu
[    0.000000] Initializing cgroup subsys cpuacct
[    0.000000] Linux version 4.4.0-130-generic (buildd@lgw01-amd64-039) (gcc version 5.4.0 20160609 (Ubuntu 5.4.0-6ubuntu1~16.04.9) ) #156-Ubuntu SMP Thu Jun 14 08:53:28 UTC 2018 (Ubuntu 4.4.0-130.156-generic 4.4.134)
[    0.000000] Command line: BOOT_IMAGE=/boot/vmlinuz-4.4.0-130-generic root=LABELcldimg-rootfs ro console=tty1 console=ttyS0
[    0.000000] KERNEL supported cpus:
[    0.000000]   Intel GenuineIntel
[    0.000000]   AMD AuthenticAMD
[    0.000000]   Centaur CentaurHauls
[    0.000000] x86/fpu: xstate_offset[2]:  576, xstate_sizes[2]:  256
[    0.000000] x86/fpu: Supporting XSAVE feature 0x01: 'x87 floatin point registers'
[    0.000000] x86/fpu: Supporting XSAVE feature 0x02: 'SSE registers'
[    0.000000] x86/fpu: Supporting XSAVE feature 0x04: 'AVX registers'
[    0.000000] x86/fpu: Enabled xstate features 0x7, context size is 832 bytes, using 'standard' format.
[    0.000000] x86/fpu: Using 'eager' FPU context switches.
[    0.000000] e820: BIOS-provided physical RAM map:
[    0.000000] BIOS-e820: [mem 0x0000000000000000-0x000000000009fbff] usable
[    0.000000] BIOS-e820: [mem 0x000000000009fc00-0x000000000009ffff] reserved
[    0.000000] BIOS-e820: [mem 0x00000000000f0000-0x00000000000fffff] reserved
[    0.000000] BIOS-e820: [mem 0x0000000000100000-0x000000003ffeffff] usable
[    0.000000] BIOS-e820: [mem 0x000000003fff0000-0x000000003fffffff] ACPI data
[    0.000000] BIOS-e820: [mem 0x00000000fec00000-0x00000000fec00fff] reserved
[    0.000000] BIOS-e820: [mem 0x00000000fee00000-0x00000000fee00fff] reserved
[    0.000000] BIOS-e820: [mem 0x00000000fffc0000-0x00000000ffffffff] reserved
[    0.000000] NX (Execute Disable) protection: active
[  0.000000] SMBIOS 2.5 present.
[    0.000000] Hypervisor detected: KVM
[    0.000000] e820: last_pfn = 0x3fff0 max_arch_pfn = 0x400000000
[    0.000000] MTRR: Disabled
[    0.000000] x86/PAT: MTRRs disabled, skipping PAT initialization too.
[    0.000000] CPU MTRRs all blank - virtualized system.
[    0.000000] x86/PAT: Configuration [0-7]: WB  WT  UC- UC  WB  WT  UC- UC  
[    0.000000] found SMP MP-table at [mem 0x0009fff0-0x0009ffff] mapped at [ffff88000009fff0]
[    0.000000] Scanning 1 areas for low memory corruption
[    0.000000] RAMDISK: [mem 0x36aa2000-0x37548fff]
[    0.000000] ACPI: Early table checksum verification disabled
[    0.000000] ACPI: RSD0x000000000E0000 000024 (v02 VOX )
[    0.000000] ACPI: XSDT 0x00000003FFF0030 00003C (v01 VBOX   VBOXXSDT 00000001 ASL  00000061)
[    0.000000] ACPI: FACP 0x000000003FFF00F0 0000F4 (v04 VBOX   VBOXFACP 00000001 ASL  00000061)
[    0.000000] ACPI: DT x000000003FFF0470 0021FF (v02 VBOX   VBOXBIOS 00000002 INTL 20180105)
[    0.000000] ACPI: FACS 0x000000003FFF0200 000040
[    0.000000] ACPI: FACS 0x000000003FFF0200 000040
[    0.000000] ACPI: APIC 0x000000003FFF0240 00005C (v02 VBOX   VBOXAPIC 00000001 ASL  00000061)
[    0.000000] ACPI: SSDT 0x000000003FFF02A0 0001CC (v01 VBOX   VBOXCPUT 00000002 INTL 20180105)
[    0.000000] No NUMA configuration found
[    0.000000] Faking a node at [mem 0x0000000000000000-0x000000003ffeffff]
[    0.000000] NODE_DATA(0) allocated [mem 0x3ffeb000-0x3ffeffff]
[    0.000 kvm-clock: Using msrs 4b564d01 and 4b564d00
[    0.000000] kvm-clock: cpu 0, msr 0:3ffe3001, primary cpu clock
[    0.000000] kvm-clock: using sched offset of 2074746660463 cycles
[    0.000000] clocksource: kvm-clock: mask: 0xfffffffffffffff max_ycs:0x1cd42e4dffb, max_ide_ns:889091483 ns
[    0.000000] Ze nges
[    0000000]   DMA      [mem 0x0000000000001000-0x0000000000ffffff]
[    0.000000]   DMA32    [mem 0x0000000001000000-0x000000003ffeffff]
[    0.000000]   Normal   empty
[    0.000000]   Device   empty
[    0.000000] Movable zone start for each node
[    0.000000] Early memory node ranges
[    0.000000]   node   0: [mem 0x0000000000001000-0x000000000009efff]
[    0.000000]   node   0: [mem 0x0000000000100000-0x000000003ffeffff]
[    0.000000] Initmem setup node 0 [mem 0x0000000000001000-0x000000003ffeffff]
[    0.000000] ACPI: PM-Timer IO Port: 0x4008
[    0.000000] IOAPIC[0]: apic_id 2, version 32, address 0xfec00000, GSI 0-23
[    0.000000] ACPI: INT_SRC_OVR (bus 0 bus_irq 0 global_irq 2 dfl dfl)
[    0.000000] ACPI: INT_SRC_OVR (bus 0 bus_irq 9 global_irq 9 low level)
[    0.000000] Using ACPI (MADT) for SMP configuration information
[    0.000000] smpboot: Allowing 2 CPUs, 0 hotplug CPUs
[    0.000000] PM: Registered nosave memory: [mem 0x00000000-0x00000fff]
[    0.000000] PM: Registered nosave memory: [mem 0x0009f000-0x0009ffff]
[    0.000000] PM: Registered nosave memory: [mem 0x000a0000-0x000effff]
[    0.000000] PM: Registered nosave memory: [mem 0x000f0000-0x000fffff]
[    0.000000] e820: [mem 0x40000000-0xfebfffff] available for PCI devices
[    0.000000] Booting paravirtualized kernel on KVM
[    0.000000] clocksource: refined-jiffies: mask: 0xffffffff max_cycles: 0xffffffff, max_idle_ns: 7645519600211568 ns
[    0.000000] setup_percpu: NR_CPUS:512 nr_cpumask_bits:512 nr_cpu_ids:2 nr_node_ids:1
[    0.000000] PERCPU: Embedded 34 pages/cpu @ffff88003fc00000 s99544 r8192 d31528 u1048576
[    0.000000] PV qspinlock hash table entries: 256 (order: 0, 4096 bytes)
[    0.000000] Built 1 zonelists in Node order, mobility grouping on.  Total pages: 257912
[    0.000000] Policy zone: DMA32
[    0.000000] Kernel command line: BOOT_IMAGE=/boot/vmlinuz-4.4.0-130-generic root=LABEL=cloudimg-rootfs ro console=tty1 console=ttyS0
[    0.000000] PID hash table entries: 4096 (order: 3, 32768 bytes)
[    0.000000] Memory: 1001608K/1048120K available (8546K kernel code, 1313K rwdata, 4000K rodata, 1516K init, 1316K bss, 46512K reserved, 0K cma-reserved)
[    0.000000] SLUB: HWalign=64, Order=0-3, MinObjects=0, CPUs=2, Nodes=1
[    0.000000] Kernel/User page tables isolation: enabled
[    0.000000] Hierarchical RCU implementation.
[    0.000000] 	Build-time adjustment of leaf fanout to 64.
[    0.000000] 	RCU resicng CPUs from NR_CPUS=512 to nr_cpu_ids=2.
[    0.000000] RCU: Adjusting geometry for rcu_fanout_leaf=64, nr_cpu_ids=2
[    0.000000] NR_IRQS:33024 nr_irqs:440 16
[    0.000000] Console: colour VGA+ 80x25
[    0.000000] console [tty1] enabled
[    0.000000] console [ttyS0] enabled
[    0.000000] tsc: Detected 2394.460 MHz processor
[    2.634693] Calibrating delay loop (skipped) preset value.. 4788.92 BogoMIPS (lpj=9577840)
[    2.648251] pid_max: default: 32768 minimum: 301
[    2.649143] ACPI: Core revision 20150930
[    2.651061] ACPI: 2 ACPI AML tables successfully acquired and loaded
[    2.667225] Security Framework initialized
[    2.668069] Yama: becoming mindful.
[    2.730360] AppArmor: AppArmor initialized
[    2.731428] Dentry cache hash table entries: 131072 (order: 8, 1048576 bytes)
[    2.733120] Inode-cache hash table entries: 65536 (order: 7, 524288 bytes)
[    2.742102] Mount-cache hash table entries: 2048 (order: 2, 16384 bytes)
[    2.767853] Mountpoint-cache hash table entries: 2048 (order: 2, 16384 bytes)
[    2.769342] Initializing cgroup subsys io
[    2.771323] Initializing cgroup subsys memory
[    2.772215] Initializing cgroup subsys devices
[    2.790867] Initializing cgroup subsys freezer
[    2.793347] Initializing cgroup subsys net_cls
[    2.794244] Initializing cgroup subsys perf_event
[    2.795151] Initializing cgroup subsys net_prio
[    2.813676] Initializing cgroup subsys hugetlb
[    2.814542] Initializing cgroup subsys pids
[    2.817547] CPU: Physical Processor ID: 0
[    2.823773] CPU: Processor Core ID: 0
[    2.825606] mce: CPU supports 0 MCE banks
[    2.826512] Last level iTLB entries: 4KB 1024, 2MB 1024, 4MB 1024
[    2.827734] Last level dTLB entries: 4KB 1024, 2MB 1024, 4MB 1024, 1GB 4
[    2.828977] Spectre V2 : Mitigation: Full generic retpoline
[    2.830140] Spectre V2 : Speculation control IBPB not-supported IBRS not-supported
[    2.831563] Speculative Store Bypass: Vulnerable
[    2.835333] Freeing SMP alternatives memory: 32K
[    2.846320] ftrace: allocating 32245 entries in 126 pages
[    2.909347] smpboot: APIC(0) Converting physical 0 to logical package 0
[    2.911800] smpboot: Max logical packages: 1
[    2.912983] x2apic enabled
[    2.913971] Switched APIC routing to physical x2apic.
[    2.916247] ..TIMER: vector=0x30 apic1=0 pin1=2 apic2=-1 pin2=-1
[    3.021637] smpboot: CPU0: Intel(R) Core(TM) i5-4210U CPU @ 1.70GHz (family: 0x6, model: 0x45, stepping: 0x1)
[    3.025047] Performance Events: unsupported p6 CPU model 69 no PMU driver, software events only.
[    3.027108] KVM setup paravirtual spinlock
[    3.028714] x86: Booting SMP configuration:
[    3.030739] .... node  #0, CPUs:      #1
[    3.053595] kvm-clock: cpu 1, msr 0:3ffe3041, secondary cpu clock
[    3.064505] mce: CPU supports 0 MCE banks
[    3.067003] x86: Booted up 1 node, 2 CPUs
[    3.068122] smpboot: Total of 2 processors activated (9577.84 BogoMIPS)
[    3.069835] devtmpfs: initialized
[    3.072108] evm: security.selinux
[    3.072940] evm: security.SMACK64
[    3.073698] evm: security.SMACK64EXEC
[    3.074475] evm: security.SMACK64TRANSMUTE
[    3.075409] evm: security.SMACK64MMAP
[    3.076234] evm: security.ima
[    3.076959] evm: security.capability
[    3.077969] clocksource: jiffies: mask: 0xffffffff max_cycles: 0xffffffff, max_idle_ns: 7645041785100000 ns
[    3.086280] futex hash table entries: 512 (order: 3, 32768 bytes)
[    3.087647] pinctrl core: initialized pinctrl subsystem
[    3.090098] RTC time: 13:19:38, date: 07/08/18
[    3.092335] NET: Registered protocol family 16
[    3.105283] cpuidle: using governor ladder
[    3.120629] cpuidle: using governor menu
[    3.121708] PCCT header not found.
[    3.122837] ACPI: bus type PCI registered
[    3.124220] acpiphp: ACPI Hot Plug PCI Controller Driver version: 0.5
[    3.126369] PCI: Using configuration type 1 for base access
[    3.141622] ACPI: Added _OSI(Module Device)
[    3.149324] ACPI: Added _OSI(Processor Device)
[    3.150645] ACPI: Added _OSI(3.0 _SCP Extensions)
[    3.152063] ACPI: Added _OSI(Processor Aggregator Device)
[    3.154617] ACPI: Executed 1 blocks of module-level executable AML code
[    3.160139] ACPI: Interpreter enabled
[    3.165247] ACPI: (supports S0 S5)
[    3.165988] ACPI: Using IOAPIC for interrupt routing
[    3.167182] PCI: Using host bridge windows from ACPI; if necessary, use "pci=nocrs" and report a bug
[    3.197905] ACPI: PCI Root Bridge [PCI0] (domain 0000 [bus 00-ff])
[    3.205744] acpi PNP0A03:00: _OSC: OS supports [ASPM ClockPM Segments MSI]
[    3.207052] acpi PNP0A03:00: _OSC: not requesting OS control; OS requires [ExtendedConfig ASPM ClockPM MSI]
[    3.210193] acpi PNP0A03:00: fail to add MMCONFIG information, can't access extended PCI configuration space under this bridge.
[    3.212720] PCI host bridge to bus 0000:00
[    3.215440] pci_bus 0000:00: root bus resource [io  0x0000-0x0cf7 window]
[    3.216688] pci_bus 0000:00: root bus resource [io  0x0d00-0xffff window]
[    3.223301] pci_bus 0000:00: root bus resource [mem 0x000a0000-0x000bffff window]
[    3.224909] pci_bus 0000:00: root bus resource [mem 0x40000000-0xfdffffff window]
[    3.226656] pci_bus 0000:00: root bus resource [bus 00-ff]
[    3.235660] pci 0000:00:01.1: legacy IDE quirk: reg 0x10: [io  0x01f0-0x01f7]
[    3.237050] pci 0000:00:01.1: legacy IDE quirk: reg 0x14: [io  0x03f6]
[    3.238290] pci 0000:00:01.1: legacy IDE quirk: reg 0x18: [io  0x0170-0x0177]
[    3.254859] pci 0000:00:01.1: legacy IDE quirk: reg 0x1c: [io  0x0376]
[    3.275494] pci 0000:00:07.0: quirk: [io  0x4000-0x403f] claimed by PIIX4 ACPI
[    3.282807] pci 0000:00:07.0: quirk: [io  0x4100-0x410f] claimed by PIIX4 SMB
[    3.304434] ACPI: PCI Interrupt Link [LNKA] (IRQs 5 9 10 *11)
[    3.314909] ACPI: PCI Interrupt Link [LNKB] (IRQs 5 9 *10 11)
[    3.317922] ACPI: PCI Interrupt Link [LNKC] (IRQs 5 *9 10 11)
[    3.319674] ACPI: PCI Interrupt Link [LNKD] (IRQs 5 9 10 *11)
[    3.321407] ACPI: Enabled 2 GPEs in block 00 to 07
[    3.379414] vgaarb: setting as boot device: PCI:0000:00:02.0
[    3.463537] vgaarb: device added: PCI:0000:00:02.0,decodes=io+mem,owns=io+mem,locks=none
[    3.465324] vgaarb: loaded
[    3.466028] vgaarb: bridge control possible 0000:00:02.0
[    3.467400] SCSI subsystem initialized
[    3.468387] ACPI: bus type USB registered
[    3.470716] usbcore: registered new interface driver usbfs
[    3.472734] usbcore: registered new interface driver hub
[    3.480974] usbcore: registered new device driver usb
[    3.501567] PCI: Using ACPI for IRQ routing
[    3.509148] NetLabel: Initializing
[    3.513562] NetLabel:  domain hash size = 128
[    3.514461] NetLabel:  protocols = UNLABELED CIPSOv4
[    3.515501] NetLabel:  unlabeled traffic allowed by default
[    3.516762] amd_nb: Cannot enumerate AMD northbridges
[    3.517832] clocksource: Switched to clocksource kvm-clock
[    3.525266] AppArmor: AppArmor Filesystem Enabled
[    3.531692] pnp: PnP ACPI init
[    3.534430] pnp: PnP ACPI: found 3 devices
[   .548128] clocksource: acpi_pm: mask: 0xffffff max_cycles: 0xffffff, max_idle_ns: 2085701024 ns
[   3.597474] NET: Registered protocol family 2

[    3.621983] TCP established hash table entries: 8192 (order: 4, 65536 bytes)
[    3.623362] TCP bind hash table entries: 8192 (order: 5, 131072 bytes)
[    3.624558] TCP: Hash tables configured (established 8192 bind 8192)
[    3.625783] UDP hash table entries: 512 (order: 2, 16384 bytes)
[    3.626966] UDP-Lite hash table entries: 512 (order: 2, 16384bys)
[  3250]ETRestedrocofaily 1
[  44509 pci 0000:00:00.0: Limiting direct PCI/PCI transfers
[    4.387149] pci 0000:00:01.0: Activating ISA DMA hang workarounds
[    4.388405] Unpacking initramfs...

[    6.277559] Freeing initrd memory: 10908K
[    6.286782] RAPL PMU detected, API unit is 2^-32 Joules, 4 fixed counters 10737418240 ms ovfl timer
[    6.291670] hw unit of domain pp0-core 2^-0 Joules
[    6.292637] hw unit of domain package 2^-0 Joules
[    6.293598] hw unit of domain dram 2^-0 Joules
[    6.294519] hw unit of domain pp1-gpu 2^-0 Joules
[    6.300933] platform rtc_cmos: registered platform RTC device (no PNP device found)
[    6.302663] Scanning for low memory corruption every 60 seconds
[    6.304309] audit: initializing netlink subsys (disabled)
[    6.368870] audit: type=2000 audit(1531058055.097:1): initialized
[    6.370437] Initialise system trusted keyring
[    6.513680] HugeTLB registered 2 MB page size, pre-allocated 0 pages
[    6.575541] zbud: loaded
[    6.576623] VFS: Disk quotas dquot_6.6.0
[    6.579959] VFS: Dquot-cache hash table entries: 512 (order 0, 4096 bytes)
[    6.581524] squashfs: version 4.0 (2009/01/31) Phillip Lougher
[    6.583166] fuse init (API version 7.23)
[    6.703757] Key type big_key registered
[    6.704587] Allocating IMA MOK and blacklist keyrings.
[    6.706817] Key type asymmetric registered
[    6.743710] Asymmetric key parser 'x509' registered
[    6.744740] Block layer SCSI generic (bsg) driver version 0.4 loaded (major 249)
[    6.748269] io scheduler noop registered
[    6.750878] io scheduler deadline registered (default)
[    6.753930] io scheduler cfq registered
[    6.754973] pci_hotplug: PCI Hot Plug PCI Core version: 0.5
[    6.762103] pciehp: PCI Express Hot Plug Controller Driver version: 0.4
[    6.763588] ACPI: AC Adapter [AC] (on-line)
[    6.764522] input: Power Button as /devices/LNXSYSTM:00/LNXPWRBN:00/input/input0
[    6.773665] ACPI: Power Button [PWRF]
[    6.774627] input: Sleep Button as /devices/LNXSYSTM:00/LNXSLPBN:00/input/input1
[    6.782668] ACPI: Sleep Button [SLPF]
[    6.784333] ACPI: Battery Slot [BAT0] (battery present)
[    6.788444] GHES: HEST is not enabled!
[    6.789368] Serial: 8250/16550 driver, 32 ports, IRQ sharing enabled
[    6.815799] 00:02: ttyS0 at I/O 0x3f8 (irq = 4, base_baud = 115200) is a 16550A
[    6.822534] Linux agpgart interface v0.103
[    6.831761] loop: module loaded
[    6.884156] scsi host0: ata_piix
[    6.888386] scsi host1: ata_piix
[    6.892046] ata1: PATA max UDMA/33 cmd 0x1f0 ctl 0x3f6 bmdma 0xd000 irq 14
[    6.943447] ata2: PATA max UDMA/33 cmd 0x170 ctl 0x376 bmdma 0xd008 irq 15
[    6.957791] libphy: Fixed MDIO Bus: probed
[    6.959900] tun: Universal TUN/TAP device driver, 1.6
[    6.960977] tun: (C) 1999-2004 Max Krasnyansky <maxk@qualcomm.com>
[    6.962235] PPP generic driver version 2.4.2
[    7.163474] ehci_hcd: USB 2.0 'Enhanced' Host Controller (EHCI) Driver
[    7.301086] tsc: Refined TSC clocksource calibration: 2395.618 MHz
[    7.301088] clocksource: tsc: mask: 0xffffffffffffffff max_cycles: 0x22880bc790a, max_idle_ns: 440795245450 ns
[    7.414336] ehci-pci: EHCI PCI platform driver
[    7.420650] ehci-platform: EHCI generic platform driver
[    7.423960] ohci_hcd: USB 1.1 'Open' Host Controller (OHCI) Driver
[    7.425163] ohci-pci: OHCI PCI platform driver
[    7.426252] ohci-platform: OHCI generic platform driver
[    7.513944] uhci_hcd: USB Universal Host Controller Interface driver
[    7.515174] 88042: PNP: PS/2 Controller [PNP0303:PS2K,PNP0f03:PS2M] at 0x60,0x64 irq 1,12
[    7.664781] serio: i8042 KBD port at 0x60,0x64 irq 1
[    7.683848] serio: i8042 AUX port at 0x60,0x64 irq 12
[    7.685064] mousedev: PS/2 mouse device common for all mice
[    7.686785] rtc_cmos rtc_cmos: rtc core: registered rtc_cmos as rtc0
[    7.743289] input: AT Translated Set 2 keyboard as /devices/platform/i8042/serio0/input/input2
[    7.745177] rtc_cmos rtc_cmos: alarms up to one day, 114 bytes nvram
[    7.747655] i2c /dev entries driver
[    7.759439] device-mapper: uevent: version 1.0.3
[    7.776386] device-mapper: ioctl: 4.34.0-ioctl (2015-10-28) initialised: dm-devel@redhat.com
[    7.781040] ledtrig-cpu: registered to indicate activity on CPUs
[    7.782914] NET: Registered protocol family 10
[    7.813824] NET: Registered protocol family 17
[    7.814825] Key type dns_resolver registered
[    7.876139] registered taskstats version 1
[    7.878530] Loading compiled-in X.509 certificates
[    7.880359] Loaded X.509 cert 'Build time autogenerated kernel key: b3e0fe4bcd6378c38a2c0a4648abbc1fa5043a22'
[    7.885150] zswap: loaded using pool lzo/zbud
[    7.928586] Key type trusted registered
[    8.007476] Key type encrypted registered
[    8.015832] AppArmor: AppArmor sha1 policy hashing enabled
[    8.017956] ima: No TPM chip found, activating TPM-bypass!
[    8.019067] ima: Allocated hash algorithm: sha1
[    8.020000] evm: HMAC attrs: 0x1
[    8.026911]   Magic number: 10:256:331
[    8.053804] tty tty52: hash matches
[    8.054799] rtc_cmos rtc_cmos: setting system clock to 2018-07-08 13:19:43 UTC (1531055983)
[    8.108522] BIOS EDD facility v0.16 2004-Jun-25, 0 devices found
[    8.111628] EDD information not available.
[    8.113918] Freeing unused kernel memory: 1516K
[    8.133933] Write protecting the kernel read-only data: 14336k
[    8.144909] Freeing unused kernel memory: 1680K
[    8.146794] Freeing unused kernel memory: 96K
Loading, please wait...
[    8.170539] random: systemd-udevd: uninitialized urandom read (16 bytes read, 3 bits of entropy available)
starting version 229
[    8.171378] random: udevadm: uninitialized urandom read (16 bytes read, 3 bits of entropy available)
[    8.171404] random: udevadm: uninitialized urandom read (16 bytes read, 3 bits of entropy available)
[    8.181022] random: udevadm: uninitialized urandom read (16 bytes read, 3 bits of entropy available)
[    8.181070] random: udevadm: uninitialized urandom read (16 bytes read, 3 bits of entropy available)
[    8.181219] random: udevadm: uninitialized urandom read (16 bytes read, 3 bits of entropy available)
[    8.181273] random: udevadm: uninitialized urandom read (16 bytes read, 3 bits of entropy available)
[    8.181325] random: udevadm: uninitialized urandom read (16 bytes read, 3 bits of entropy available)
[    8.181378] random: udevadm: uninitialized urandom read (16 bytes read, 3 bits of entropy available)
[    8.181432] random: udevadm: uninitialized urandom read (16 bytes read, 3 bits of entropy available)
[    8.421254] Fusion MPT base driver 3.04.20
[    8.434100] Copyright (c) 1999-2008 LSI Corporation
[    8.437322] e1000: Intel(R) PRO/1000 Network Driver - version 7.3.21-k8-NAPI
[    8.610514] e1000: Copyright (c) 1999-2006 Intel Corporation.
[    8.672538] AVX2 version of gcm_enc/dec engaged.
[    8.694910] AES CTR mode by8 optimization enabled
[    8.695629] Fusion MPT SPI Host driver 3.04.20
[    8.876514] input: ImExPS/2 Generic Explorer Mouse as /devices/platform/i8042/serio1/input/input4
[    9.282268] e1000 0000:00:03.0 eth0: (PCI:33MHz:32-bit) 02:f6:92:8e:b0:b4
[    9.297097] e1000 0000:00:03.0 eth0: Intel(R) PRO/1000 Network Connection
[   10.272340] e1000 0000:00:08.0 eth1: (PCI:33MHz:32-bit) 08:00:27:0e:6c:6e
[   10.297173] e1000 0000:00:08.0 eth1: Intel(R) PRO/1000 Network Connection
[   10.299274] mptbase: ioc0: Initiating bringup
[   10.299634] e1000 0000:00:08.0 enp0s8: renamed from eth1
[   10.501230] e1000 0000:00:03.0 enp0s3: renamed from eth0
[   10.558404] ioc0: LSI53C1030 A0: Capabilities={Initiator}
[   10.852402] scsi host2: ioc0: LSI53C1030 A0, FwRev=00000000h, Ports=1, MaxQ=256, IRQ=20
[   11.295183] scsi 2:0:0:0: Direct-Access     VBOX     HARDDISK         1.0  PQ: 0 ANSI: 5
[   11.848016] scsi target2:0:0: Beginning Domain Validation
[   11.860983] scsi target2:0:0: Domain Validation skipping write tests
[   11.862385] scsi target2:0:0: Ending Domain Validation
[   11.863636] scsi target2:0:0: asynchronous
[   11.974348] scsi 2:0:1:0: Direct-Access     VBOX     HARDDISK         1.0  PQ: 0 ANSI: 5
[   12.254361] scsi target2:0:1: Beginning Domain Validation
[   12.256470] scsi target2:0:1: Domain Validation skipping write tests
[   12.285071] scsi target2:0:1: Ending Domain Validation
[   12.297206] scsi target2:0:1: asynchronous
[   12.304173] sd 2:0:0:0: [sda] 20971520 512-byte logical blocks: (10.7 GB/10.0 GiB)
[   12.368165] sd 2:0:0:0: [sda] Write Protect is off
[   12.368178] sd 2:0:0:0: Attached scsi generic sg0 type 0
[   12.544818] sd 2:0:0:0: [sda] Incomplete mode parameter data
[   12.545285] sd 2:0:1:0: [sdb] 20480 512-byte logical blocks: (10.5 MB/10.0 MiB)
[   12.545401] sd 2:0:1:0: [sdb] Write Protect is off
[   12.545545] sd 2:0:1:0: [sdb] Incomplete mode parameter data
[   12.545546] sd 2:0:1:0: [sdb] Assuming drive cache: write through
[   12.746466] sd 2:0:1:0: Attached scsi generic sg1 type 0
[   12.749739] sd 2:0:1:0: [sdb] Attached SCSI disk
[   12.843438] sd 2:0:0:0: [sda] Assuming drive cache: write through
[   13.086428]  sda: sda1
[   13.103930] sd 2:0:0:0: [sda] Attached SCSI disk
Begin: Loading essential drivers ... [   14.663882] md: linear personality registered for level -1
[   14.711378] md: multipath personality registered for level -4
[   14.721275] md: raid0 personality registered for level 0
[   14.731116] md: raid1 personality registered for level 1
[   14.833855] raid6: sse2x1   gen()  8004 MB/s
[   14.941855] raid6: sse2x1   xor()  5974 MB/s
[   15.065849] raid6: sse2x2   gen() 10256 MB/s
[   15.145848] raid6: sse2x2   xor()  6708 MB/s
[   15.257858] raid6: sse2x4   gen() 11910 MB/s
[   15.329844] raid6: sse2x4   xor()  8263 MB/s
[   15.405866] raid6: avx2x1   gen() 15672 MB/s
[   15.477851] raid6: avx2x2   gen() 18475 MB/s
[   15.593864] raid6: avx2x4   gen() 20834 MB/s
[   15.610586] raid6: using algorithm avx2x4 gen() 20834 MB/s
[   15.613931] raid6: using avx2x2 recovery algorithm
[   15.616617] xor: automatically using best checksumming function:
[   15.812902]    avx       : 54549.000 MB/sec
[   15.833175] async_tx: api initialized (async)
[   15.894758] md: raid6 personality registered for level 6
[   15.903867] md: raid5 personality registered for level 5
[   15.904850] md: raid4 personality registered for level 4
[   15.965339] md: raid10 personality registered for level 10
done.
Begin: Running /scripts/init-premount ... done.
Begin: Mounting root file system ... Begin: Running /scripts/local-top ... done.
Begin: Running /scripts/local-[   16.022631] Btrfs loaded
premount ... Scanning for Btrfs filesystems
done.
Warning: fsck not present, so sk[   16.097063] EXT4-fs (sda1): mounted filesystem with ordered data mode. Opts: (null)
ipping root file system
done.
Begin: Running /scripts/local-bottom ... done.
Begin: Running /scripts/init-bottom ... done.
[   16.435100] systemd[1]: systemd 229 running in system mode. (+PAM +AUDIT +SELINUX +IMA +APPARMOR +SMACK +SYSVINIT +UTMP +LIBCRYPTSETUP +GCRYPT +GNUTLS +ACL +XZ -LZ4 +SECCOMP +BLKID +ELFUTILS +KMOD -IDN)
[   16.655539] systemd[1]: Detected virtualization oracle.
[   16.656578] systemd[1]: Detected architecture x86-64.

Welcome to [1mUbuntu 16.04.4 LTS[0m!

[   16.690784] systemd[1]: Set hostname to <control>.
[   16.869056] systemd[1]: Listening on LVM2 metadata daemon socket.
[[0;32m  OK  [0m] Listening on LVM2 metadata daemon socket.
[   16.913465] systemd[1]: Started Trigger resolvconf update for networkd DNS.
[[0;32m  OK  [0m] Started Trigger resolvconf update for networkd DNS.
[   16.933990] systemd[1]: Reached target System Time Synchronized.
[[0;32m  OK  [0m] Reached target System Time Synchronized.
[   16.938727] systemd[1]: Reached target User and Group Name Lookups.
[[0;32m  OK  [0m] Reached target User and Group Name Lookups.
[   16.952345] systemd[1]: Listening on udev Control Socket.
[[0;32m  OK  [0m] Listening on udev Control Socket.
[   16.957699] systemd[1]: Reached target Swap.
[[0;32m  OK  [0m] Reached target Swap.
[   16.966049] systemd[1]: Listening on Journal Socket.
[[0;32m  OK  [0m] Listening on Journal Socket.
[   16.977511] systemd[1]: Listening on udev Kernel Socket.
[[0;32m  OK  [0m] Listening on udev Kernel Socket.
[   16.998303] systemd[1]: Set up automount Arbitrary Executable File Formats File System Automount Point.
[[0;32m  OK  [0m] Set up automount Arbitrary Executab...ats File System Automount Point.
[   17.322444] systemd[1]: Listening on Syslog Socket.
[[0;32m  OK  [0m] Listening on Syslog Socket.
[   17.338083] systemd[1]: Started Forward Password Requests to Wall Directory Watch.
[[0;32m  OK  [0m] Started Forward Password Requests to Wall Directory Watch.
[   17.406482] systemd[1]: Listening on Journal Socket (/dev/log).
[[0;32m  OK  [0m] Listening on Journal Socket (/dev/log).
[   17.420398] systemd[1]: Created slice User and Session Slice.
[[0;32m  OK  [0m] Created slice User and Session Slice.
[   17.457121] systemd[1]: Listening on Journal Audit Socket.
[[0;32m  OK  [0m] Listening on Journal Audit Socket.
[   17.470110] systemd[1]: Listening on LVM2 poll daemon socket.
[[0;32m  OK  [0m] Listening on LVM2 poll daemon socket.
[   17.486252] systemd[1]: Reached target Encrypted Volumes.
[[0;32m  OK  [0m] Reached target Encrypted Volumes.
[   17.507492] systemd[1]: Created slice System Slice.
[[0;32m  OK  [0m] Created slice System Slice.
[   17.526008] systemd[1]: Mounting Huge Pages File System...
         Mounting Huge Pages File System...
[   17.563015] systemd[1]: Created slice system-serial\x2dgetty.slice.
[[0;32m  OK  [0m] Created slice system-serial\x2dgetty.slice.
[   17.822431] systemd[1]: Starting Set console keymap...
         Starting Set console keymap...
[   17.867709] systemd[1]: Mounting POSIX Message Queue File System...
         Mounting POSIX Message Queue File System...
[   18.010088] systemd[1]: Starting Load Kernel Modules...
[   18.026833] Loading iSCSI transport class v2.0-870.
         Starting Load Kernel Modules...
[   18.029114] systemd[1]: Starting Journal Service...
         Starting Journal Servic[   18.047486] iscsi: registered transport (tcp)
e...
[   18.204274] systemd[1]: Starting Remount Root and Kernel File Systems...
         Starting Remount Root a[   18.211567] EXT4-fs (sda1): re-mounted. Opts: (null)
nd Kernel File S[   18.228231] random: nonblocking pool is initialized
ystems...
[   18.231232] systemd[1]: Mounting Debug File System...
         Mounting Debug File System...
[   18.237098] systemd[1]: Reached target Slices.
[[0;32m  OK  [0m] Reached target Slices.
[   18.249321] systemd[1]: Starting Uncomplicated firewall...
         Starting Uncomplicated firewall.[   18.300197] iscsi: registered transport (iser)
..
[   18.304857] systemd[1]: Starting Create list of required static device nodes for the current kernel...
         Starting Create list of required st... nodes for the current kernel...
[   18.315210] systemd[1]: Starting Nameserver information manager...
         Starting Nameserver information manager...
[   18.422172] systemd[1]: Listening on Device-mapper event daemon FIFOs.
[[0;32m  OK  [0m] Listening on Device-mapper event daemon FIFOs.
[   18.534511] systemd[1]: Starting Monitoring of LVM2 mirrors, snapshots etc. using dmeventd or progress polling...
         Starting Monitoring of LVM2 mirrors... dmeventd or progress polling...
[   18.562114] systemd[1]: Listening on /dev/initctl Compatibility Named Pipe.
[[0;32m  OK  [0m] Listening on /dev/initctl Compatibility Named Pipe.
[   18.597612] systemd[1]: Mounted Huge Pages File System.
[[0;32m  OK  [0m] Mounted Huge Pages File System.
[   18.599812] systemd[1]: Mounted Debug File System.
[[0;32m  OK  [0m] Mounted Debug File System.
[   18.618181] systemd[1]: Mounted POSIX Message Queue File System.
[[0;32m  OK  [0m] Mounted POSIX Message Queue File System.
[  18.643272] systemd[1]: Started Journal Service.

[[0;32m  OK  [0m] Started Journal Service.
[[0;32m  OK  [0m] Started Set console keymap.
[[0;32m  OK  [0m] Started Load Kernel Modules.
[[0;32m  OK  [0m] Started Remount Root and Kernel File Systems.
[[0;32m  OK  [0m] Started Uncomplicated firewall.
[[0;32m  OK  [0m] Started Create list of required sta...ce nodes for the current kernel.
[[0;32m  OK  [0m] Started Nameserver information manager.
[[0;32m  OK  [0m] Started LVM2 metadata daemon.
         Starting Create Static Device Nodes in /dev...
         Starting udev Coldplug all Devices...
         Starting Load/Save Random Seed...
         Starting Apply Kernel Variables...
         Mounting FUSE Control File System...
         Starting Flush Journal to Persistent Storage...
[[0;32m  OK  [0m] Mounted FUSE Control File System.
[[0;32m  OK  [0m] Started Create Static Device Nodes in /dev.
[[0;32m  OK  [0m] Started Load/Save Random Seed.
[[0;32m  OK  [0m] Started Apply Kernel Variables.
[[0;32m  OK  [0m] Started udev Coldplug all Devices.
[[0;32m  OK  [0m] Started Flush Journal to Persistent Storage.
         Starting udev Kernel Device Manager...
[[0;32m  OK  [0m] Started udev Kernel Device Manager.
[[0;32m  OK  [0m] Started Dispatch Password Requests to Console Directory Watch.
[[0;32m  OK  [0m] Started Monitoring of LVM2 mirrors,...ng dmeventd or progress polling.
[[0;32m  OK  [0m] Found device /dev/ttyS0.
[[0;32m  OK  [0m] Reached target Local File Systems (Pre).
[[0;32m  OK  [0m] Reached target Local File Systems.
         Starting Create Volatile Files and Directories...
         Starting LSB: AppArmor initialization...
         Starting Tell Plymouth To Write Out Runtime Data...
         Starting Initial cloud-init job (pre-networking)...
         Starting Set console font and keymap...
[[0;32m  OK  [0m] Started Create Volatile Files and Directories.
[[0;32m  OK  [0m] Started Tell Plymouth To Write Out Runtime Data.
[[0;32m  OK  [0m] Listening on Load/Save RF Kill Switch Status /dev/rfkill Watch.
         Starting Update UTMP about System Boot/Shutdown...
[[0;32m  OK  [0m] Started LSB: AppArmor initialization.
[[0;32m  OK  [0m] Found device 82540EM Gigabit Ethern...r (PRO/1000 MT Desktop Adapter).
[   17.096243] cloud-init[587]: Cloud-init v. 18.2 running 'init-local' at Sun, 08 Jul 2018 13:19:55 +0000. Up 16.78 seconds.
[[0;32m  OK  [0m] Found device 82540EM Gigabit Ethern...r (PRO/1000 MT Desktop Adapter).
[[0;32m  OK  [0m] Started Set console font and keymap.
[[0;32m  OK  [0m] Started Initial cloud-init job (pre-networking).
[[0;32m  OK  [0m] Started Update UTMP about System Boot/Shutdown.
[[0;32m  OK  [0m] Reached target Network (Pre).
[[0;32m  OK  [0m] Created slice system-getty.slice.
         Starting Raise network interfaces...
[[0;32m  OK  [0m] Started ifup for enp0s8.
[[0;32m  OK  [0m] Started ifup for enp0s3.
[[0;32m  OK  [0m] Started Raise network interfaces.
[[0;32m  OK  [0m] Reached target Network.
         Starting Initial cloud-init job (metadata service crawler)...
[   18.481316] cloud-init[1093]: Cloud-init v. 18.2 running 'init' at Sun, 08 Jul 2018 13:19:56 +0000. Up 18.15 seconds.
[   18.529158] cloud-init[1093]: ci-info: ++++++++++++++++++++++++++++++++++++++Net device info++++++++++++++++++++++++++++++++++++++
[   18.552497] cloud-init[1093]: ci-info: +--------+------+-----------------------------+---------------+-------+-------------------+
[   18.552755] cloud-init[1093]: ci-info: | Device |  Up  |           Address           |      Mask     | Scope |     Hw-Address    |
[[0;32m  OK  [0m] Started Initial cloud-init job (metadata service crawler).
[   18.552951] cloud-init[1093]: ci-info: +--------+------+-----------------------------+---------------+-------+-------------------+
[   18.574167] cloud-init[1093]: ci-info: | enp0s3 | True |          10.0.2.15          | 255.255.255.0 |   .   | 02:f6:92:8e:b0:b4 |
[   18.574583] cloud-init[1093]: ci-info: | enp0s3 | True |  fe80::f6:92ff:fe8e:b0b4/64 |       .       |  link | 02:f6:92:8e:b0:b4 |
[[0;32m  OK  [0m] Reached target System Initialization.
[   18.574841] cloud-init[1093]: ci-info: | enp0s8 | True |        192.168.56.25        | 255.255.255.0 |   .   | 08:00:27:0e:6c:6e |
[   18.704843] cloud-init[1093]: ci-info: | enp0s8 | True | fe80::a00:27ff:fe0e:6c6e/64 |       .       |  link | 08:00:27:0e:6c:6e |
[   18.705636] cloud-init[1093]: ci-info: |   lo   | True |          127.0.0.1          |   255.0.0.0   |   .   |         .         |
         Starting LXD - unix socket.
[   18.706143] cloud-init[1093]: ci-info: |   lo   | True |           ::1/128           |       .       |  host |         .         |
[   18.871592] cloud-init[1093]: ci-info: +--------+------+-----------------------------+---------------+-------+-------------------+
[   18.871835] cloud-init[1093]: ci-info: ++++++++++++++++++++++++++++Route IPv4 info++++++++++++++++++++++++++++
[[0;32m  OK  [0m] Started Daily apt download activities.
[   18.871999] cloud-init[1093]: ci-info: +-------+--------------+----------+---------------+-----------+-------+
[   18.956844] cloud-init[1093]: ci-info: | Route | Destination  | Gateway  |    Genmask    | Interface | Flags |
[   18.957861] cloud-init[1093]: ci-info: +-------+--------------+----------+---------------+-----------+-------+
[[0;32m  OK  [0m] Started ACPI Events Check.
[[   18.958310] cloud-init[1093]: ci-info: |   0   |   0.0.0.0    | 10.0.2.2 |    0.0.0.0    |   enp0s3  |   UG  |
[   19.125701] cloud-init[1093]: ci-info: |   1   |   10.0.2.0   | 0.0.0.0  | 255.255.255.0 |   enp0s3  |   U   |
[0;32m  OK  [0m] Reached target Paths.
[[   19.126113] cloud-init[1093]: ci-info: |   2   | 192.168.56.0 | 0.0.0.0  | 255.255.255.0 |   enp0s8  |   U   |
[   19.134281] cloud-init[1093]: ci-info: +-------+--------------+----------+---------------+-----------+-------+
[0;32m  OK  [0m] Listening on UUID daemon activation socket.
[[0;32m  OK  [0m] Started Daily Cleanup of Temporary Directories.
[[0;32m  OK  [0m] Listening on ACPID Listen Socket.
[[0;32m  OK  [0m] Started Daily apt upgrade and clean activities.
[[0;32m  OK  [0m] Reached target Timers.
[[0;32m  OK  [0m] Listening on D-Bus System Message Bus Socket.
         Starting Socket activation for snappy daemon.
[[0;32m  OK  [0m] Reached target Cloud-config availability.
[[0;32m  OK  [0m] Reached target Network is Online.
         Starting iSCSI initiator daemon (iscsid)...
[[0;32m  OK  [0m] Listening on LXD - unix socket.
[[0;32m  OK  [0m] Listening on Socket activation for snappy daemon.
[[0;32m  OK  [0m] Started iSCSI initiator daemon (iscsid).
         Starting Login to default iSCSI targets...
[[0;32m  OK  [0m] Reached target Sockets.
[[0;32m  OK  [0m] Reached target Basic System.
[[0;32m  OK  [0m] Started FUSE filesystem for LXC.
         Starting Apply the settings specified in cloud-config...
[[0;32m  OK  [0m] Started Deferred execution scheduler.
         Starting Accounts Service...
[[0;32m  OK  [0m] Started D-Bus System Message Bus.
[[0;32m  OK  [0m] Started ACPI event daemon.
         Starting Virtualbox guest utils...
         Starting LXD - container startup/shutdown...
         Starting System Logging Service...
         Starting LSB: MD monitoring daemon...
         Starting OpenBSD Secure Shell server...
         Starting Login Service...
         Starting LSB: Record successful boot for GRUB...
[[0;32m  OK  [0m] Started Regular background program processing daemon.
         Starting Snappy daemon...
[[0;32m  OK  [0m] Started Unattended Upgrades Shutdown.
         Starting /etc/rc.local Compatibility...
[[0;32m  OK  [0m] Started System Logging Service.
[[0;32m  OK  [0m] Started OpenBSD Secure Shell server.
[[0;32m  OK  [0m] Started LXD - container startup/shutdown.
[[0;32m  OK  [0m] Started /etc/rc.local Compatibility.
[[0;32m  OK  [0m] Started Login to default iSCSI targets.
[[0;32m  OK  [0m] Started Snappy daemon.
[   19.889949] cloud-init[1153]: Cloud-init v. 18.2 running 'modules:config' at Sun, 08 Jul 2018 13:19:58 +0000. Up 19.70 seconds.
[[0;32m  OK  [0m] Started LSB: MD monitoring daemon.
[[0;32m  OK  [0m] Started LSB: Record successful boot for GRUB.
         Starting Authenticate and Authorize Users to Run Privileged Tasks...
         Starting Wait until snapd is fully seeded...
[[0;32m  OK  [0m] Reached target Remote File Systems (Pre).
[[0;32m  OK  [0m] Reached target Remote File Systems.
         Starting LSB: automatic crash report generation...
         Starting LSB: daemon to balance interrupts for SMP systems...
         Starting Permit User Sessions...
         Starting LSB: Set the CPU Frequency Scaling governor to "ondemand"...
[[0;32m  OK  [0m] Started Apply the settings specified in cloud-config.
[[0;32m  OK  [0m] Started Virtualbox guest utils.
[[0;32m  OK  [0m] Started Wait until snapd is fully seeded.
[[0;32m  OK  [0m] Started Permit User Sessions.
[[0;32m  OK  [0m] Started Login Service.
[[0;32m  OK  [0m] Started Authenticate and Authorize Users to Run Privileged Tasks.
[[0;32m  OK  [0m] Started Accounts Service.
         Starting Hold until boot process finishes up...
         Starting Terminate Plymouth Boot Screen...
[[0;32m  OK  [0m] Started LSB: automatic crash report generation.
[[0;32m  OK  [0m] Started LSB: daemon to balance interrupts for SMP systems.
[[0;32m  OK  [0m] Started Hold until boot process finishes up.
[[0;32m  OK  [0m] Started Terminate Plymouth Boot Screen.
[[0;32m  OK  [0m] Started LSB: Set the CPU Frequency Scaling governor to "ondemand".
[[0;32m  OK  [0m] Started Getty on tty1.
[[0;32m  OK  [0m] Started Serial Getty on ttyS0.
[[0;32m  OK  [0m] Reached target Login Prompts.
         Starting Set console scheme...
[[0;32m  OK  [0m] Reached target Multi-User System.
         Starting Execute cloud user/final scripts...
[[0;32m  OK  [0m] Reached target Graphical Interface.
         Starting Update UTMP about System Runlevel Changes...
[[0;32m  OK  [0m] Started Set console scheme.
[[0;32m  OK  [0m] Started Update UTMP about System Runlevel Changes.
[   20.842479] cloud-init[1320]: Cloud-init v. 18.2 running 'modules:final' at Sun, 08 Jul 2018 13:19:59 +0000. Up 20.71 seconds.
[   20.861833] cloud-init[1320]: Cloud-init v. 18.2 finished at Sun, 08 Jul 2018 13:19:59 +0000. Datasource DataSourceNoCloud [seed=/dev/sdb][dsmode=net].  Up 20.83 seconds
[[0;32m  OK  [0m] Started Execute cloud user/final scripts.
[[0;32m  OK  [0m] Reached target Cloud-init target.

Ubuntu 16.04.4 LTS control ttyS0

control login: 